Component: ARM Compiler 5.06 update 6 (build 750) Tool: armlink [4d35ed]

==============================================================================

Section Cross References

    startup_stm32f103xb.o(STACK) refers (Special) to heapauxi.o(.text) for __use_two_region_memory
    startup_stm32f103xb.o(HEAP) refers (Special) to heapauxi.o(.text) for __use_two_region_memory
    startup_stm32f103xb.o(RESET) refers (Special) to heapauxi.o(.text) for __use_two_region_memory
    startup_stm32f103xb.o(RESET) refers to startup_stm32f103xb.o(STACK) for __initial_sp
    startup_stm32f103xb.o(RESET) refers to startup_stm32f103xb.o(.text) for Reset_Handler
    startup_stm32f103xb.o(RESET) refers to stm32f1xx_it.o(i.NMI_Handler) for NMI_Handler
    startup_stm32f103xb.o(RESET) refers to stm32f1xx_it.o(i.HardFault_Handler) for HardFault_Handler
    startup_stm32f103xb.o(RESET) refers to stm32f1xx_it.o(i.MemManage_Handler) for MemManage_Handler
    startup_stm32f103xb.o(RESET) refers to stm32f1xx_it.o(i.BusFault_Handler) for BusFault_Handler
    startup_stm32f103xb.o(RESET) refers to stm32f1xx_it.o(i.UsageFault_Handler) for UsageFault_Handler
    startup_stm32f103xb.o(RESET) refers to stm32f1xx_it.o(i.SVC_Handler) for SVC_Handler
    startup_stm32f103xb.o(RESET) refers to stm32f1xx_it.o(i.DebugMon_Handler) for DebugMon_Handler
    startup_stm32f103xb.o(RESET) refers to stm32f1xx_it.o(i.PendSV_Handler) for PendSV_Handler
    startup_stm32f103xb.o(RESET) refers to stm32f1xx_it.o(i.SysTick_Handler) for SysTick_Handler
    startup_stm32f103xb.o(.text) refers (Special) to heapauxi.o(.text) for __use_two_region_memory
    startup_stm32f103xb.o(.text) refers to system_stm32f1xx.o(i.SystemInit) for SystemInit
    startup_stm32f103xb.o(.text) refers to __main.o(!!!main) for __main
    startup_stm32f103xb.o(.text) refers to startup_stm32f103xb.o(HEAP) for Heap_Mem
    startup_stm32f103xb.o(.text) refers to startup_stm32f103xb.o(STACK) for Stack_Mem
    main.o(i.SystemClock_Config) refers to rt_memclr_w.o(.text) for __aeabi_memclr4
    main.o(i.SystemClock_Config) refers to stm32f1xx_hal_rcc.o(i.HAL_RCC_OscConfig) for HAL_RCC_OscConfig
    main.o(i.SystemClock_Config) refers to stm32f1xx_hal_rcc.o(i.HAL_RCC_ClockConfig) for HAL_RCC_ClockConfig
    main.o(i.main) refers to _printf_pad.o(.text) for _printf_pre_padding
    main.o(i.main) refers to _printf_percent.o(.ARM.Collect$$_printf_percent$$00000000) for _printf_percent
    main.o(i.main) refers to _printf_f.o(.ARM.Collect$$_printf_percent$$00000003) for _printf_f
    main.o(i.main) refers to printf1.o(x$fpl$printf1) for _printf_fp_dec
    main.o(i.main) refers to stm32f1xx_hal.o(i.HAL_Init) for HAL_Init
    main.o(i.main) refers to main.o(i.SystemClock_Config) for SystemClock_Config
    main.o(i.main) refers to gpio.o(i.MX_GPIO_Init) for MX_GPIO_Init
    main.o(i.main) refers to i2c.o(i.MX_I2C1_Init) for MX_I2C1_Init
    main.o(i.main) refers to i2c.o(i.MX_I2C2_Init) for MX_I2C2_Init
    main.o(i.main) refers to stm32f1xx_hal.o(i.HAL_Delay) for HAL_Delay
    main.o(i.main) refers to oled.o(i.OLED_Init) for OLED_Init
    main.o(i.main) refers to mpu6050.o(i.MPU6050_Init) for MPU6050_Init
    main.o(i.main) refers to mpu6050.o(i.MPU6050_Read_Accel) for MPU6050_Read_Accel
    main.o(i.main) refers to mpu6050.o(i.MPU6050_Read_Gyro) for MPU6050_Read_Gyro
    main.o(i.main) refers to f2d.o(x$fpl$f2d) for __aeabi_f2d
    main.o(i.main) refers to noretval__2sprintf.o(.text) for __2sprintf
    main.o(i.main) refers to oled.o(i.OLED_NewFrame) for OLED_NewFrame
    main.o(i.main) refers to oled.o(i.OLED_ShowString6X8) for OLED_ShowString6X8
    main.o(i.main) refers to oled.o(i.OLED_ShowFrame) for OLED_ShowFrame
    main.o(i.main) refers to mpu6050.o(.data) for Gx
    i2c.o(i.HAL_I2C_MspDeInit) refers to stm32f1xx_hal_gpio.o(i.HAL_GPIO_DeInit) for HAL_GPIO_DeInit
    i2c.o(i.HAL_I2C_MspInit) refers to stm32f1xx_hal_gpio.o(i.HAL_GPIO_Init) for HAL_GPIO_Init
    i2c.o(i.MX_I2C1_Init) refers to stm32f1xx_hal_i2c.o(i.HAL_I2C_Init) for HAL_I2C_Init
    i2c.o(i.MX_I2C1_Init) refers to main.o(i.Error_Handler) for Error_Handler
    i2c.o(i.MX_I2C1_Init) refers to i2c.o(.bss) for .bss
    i2c.o(i.MX_I2C2_Init) refers to stm32f1xx_hal_i2c.o(i.HAL_I2C_Init) for HAL_I2C_Init
    i2c.o(i.MX_I2C2_Init) refers to main.o(i.Error_Handler) for Error_Handler
    i2c.o(i.MX_I2C2_Init) refers to i2c.o(.bss) for .bss
    stm32f1xx_it.o(i.SysTick_Handler) refers to stm32f1xx_hal.o(i.HAL_IncTick) for HAL_IncTick
    mpu6050.o(i.MPU6050_Init) refers to stm32f1xx_hal_i2c.o(i.HAL_I2C_Mem_Read) for HAL_I2C_Mem_Read
    mpu6050.o(i.MPU6050_Init) refers to stm32f1xx_hal_i2c.o(i.HAL_I2C_Mem_Write) for HAL_I2C_Mem_Write
    mpu6050.o(i.MPU6050_Init) refers to i2c.o(.bss) for hi2c2
    mpu6050.o(i.MPU6050_Read_Accel) refers to stm32f1xx_hal_i2c.o(i.HAL_I2C_Mem_Read) for HAL_I2C_Mem_Read
    mpu6050.o(i.MPU6050_Read_Accel) refers to dflt_clz.o(x$fpl$dflt) for __aeabi_i2d
[...]
    ../clib/angel/handlers.s                 0x00000000   Number         0  __scatter_zi.o ABSOLUTE
    ../clib/angel/handlers.s                 0x00000000   Number         0  __scatter_copy.o ABSOLUTE
    ../clib/angel/kernel.s                   0x00000000   Number         0  __rtentry.o ABSOLUTE
    ../clib/angel/kernel.s                   0x00000000   Number         0  __rtentry4.o ABSOLUTE
    ../clib/angel/kernel.s                   0x00000000   Number         0  rtexit2.o ABSOLUTE
    ../clib/angel/kernel.s                   0x00000000   Number         0  rtexit.o ABSOLUTE
    ../clib/angel/kernel.s                   0x00000000   Number         0  __rtentry2.o ABSOLUTE
    ../clib/angel/rt.s                       0x00000000   Number         0  rt_locale_intlibspace.o ABSOLUTE
    ../clib/angel/rt.s                       0x00000000   Number         0  rt_raise.o ABSOLUTE
    ../clib/angel/rt.s                       0x00000000   Number         0  rt_errno_addr.o ABSOLUTE
    ../clib/angel/rt.s                       0x00000000   Number         0  rt_heap_descriptor.o ABSOLUTE
    ../clib/angel/rt.s                       0x00000000   Number         0  rt_heap_descriptor_intlibspace.o ABSOLUTE
    ../clib/angel/rt.s                       0x00000000   Number         0  rt_locale.o ABSOLUTE
    ../clib/angel/rt.s                       0x00000000   Number         0  rt_errno_addr_intlibspace.o ABSOLUTE
    ../clib/angel/scatter.s                  0x00000000   Number         0  __scatter.o ABSOLUTE
    ../clib/angel/startup.s                  0x00000000   Number         0  __main.o ABSOLUTE
    ../clib/angel/sys.s                      0x00000000   Number         0  sys_stackheap_outer.o ABSOLUTE
    ../clib/angel/sys.s                      0x00000000   Number         0  mutex_dummy.o ABSOLUTE
    ../clib/angel/sys.s                      0x00000000   Number         0  use_no_semi.o ABSOLUTE
    ../clib/angel/sys.s                      0x00000000   Number         0  indicate_semi.o ABSOLUTE
    ../clib/angel/sys.s                      0x00000000   Number         0  libspace.o ABSOLUTE
    ../clib/angel/sysapp.c                   0x00000000   Number         0  sys_wrch.o ABSOLUTE
    ../clib/angel/sysapp.c                   0x00000000   Number         0  sys_exit.o ABSOLUTE
    ../clib/angel/sysapp.c                   0x00000000   Number         0  sys_command.o ABSOLUTE
    ../clib/armsys.c                         0x00000000   Number         0  argv_veneer.o ABSOLUTE
    ../clib/armsys.c                         0x00000000   Number         0  no_argv.o ABSOLUTE
    ../clib/armsys.c                         0x00000000   Number         0  _get_argv_nomalloc.o ABSOLUTE
    ../clib/armsys.c                         0x00000000   Number         0  _get_argv.o ABSOLUTE
    ../clib/armsys.c                         0x00000000   Number         0  argv_veneer.o ABSOLUTE
    ../clib/bigflt.c                         0x00000000   Number         0  bigflt0.o ABSOLUTE
    ../clib/btod.s                           0x00000000   Number         0  btod.o ABSOLUTE
    ../clib/fenv.c                           0x00000000   Number         0  _rserrno.o ABSOLUTE
    ../clib/heap1.c                          0x00000000   Number         0  h1_extend_mt.o ABSOLUTE
    ../clib/heap1.c                          0x00000000   Number         0  h1_extend.o ABSOLUTE
    ../clib/heap1.c                          0x00000000   Number         0  h1_final.o ABSOLUTE
    ../clib/heap1.c                          0x00000000   Number         0  h1_final_mt.o ABSOLUTE
    ../clib/heap1.c                          0x00000000   Number         0  h1_alloc.o ABSOLUTE
    ../clib/heap1.c                          0x00000000   Number         0  h1_free.o ABSOLUTE
    ../clib/heap1.c                          0x00000000   Number         0  h1_init.o ABSOLUTE
    ../clib/heap1.c                          0x00000000   Number         0  h1_free_mt.o ABSOLUTE
    ../clib/heap1.c                          0x00000000   Number         0  h1_init_mt.o ABSOLUTE
    ../clib/heap1.c                          0x00000000   Number         0  h1_alloc_mt.o ABSOLUTE
    ../clib/heap2.c                          0x00000000   Number         0  heap2.o ABSOLUTE
    ../clib/heap2.c                          0x00000000   Number         0  fdtree.o ABSOLUTE
    ../clib/heap2.c                          0x00000000   Number         0  heap2mt.o ABSOLUTE
    ../clib/heapalloc.c                      0x00000000   Number         0  maybetermalloc2.o ABSOLUTE
    ../clib/heapalloc.c                      0x00000000   Number         0  maybetermalloc2.o ABSOLUTE
    ../clib/heapalloc.c                      0x00000000   Number         0  maybetermalloc1.o ABSOLUTE
    ../clib/heapalloc.c                      0x00000000   Number         0  maybetermalloc1.o ABSOLUTE
    ../clib/heapalloc.c                      0x00000000   Number         0  hrguard.o ABSOLUTE
    ../clib/heapalloc.c                      0x00000000   Number         0  term_alloc.o ABSOLUTE
    ../clib/heapalloc.c                      0x00000000   Number         0  malloc.o ABSOLUTE
    ../clib/heapalloc.c                      0x00000000   Number         0  free.o ABSOLUTE
    ../clib/heapalloc.c                      0x00000000   Number         0  hguard.o ABSOLUTE
    ../clib/heapalloc.c                      0x00000000   Number         0  init_alloc.o ABSOLUTE
    ../clib/heapalloc.c                      0x00000000   Number         0  heapstubs.o ABSOLUTE
    ../clib/heapaux.c                        0x00000000   Number         0  heapauxi.o ABSOLUTE
    ../clib/heapaux.c                        0x00000000   Number         0  heapauxa.o ABSOLUTE
    ../clib/libinit.s                        0x00000000   Number         0  libinit.o ABSOLUTE
    ../clib/libinit.s                        0x00000000   Number         0  libinit2.o ABSOLUTE
    ../clib/libinit.s                        0x00000000   Number         0  libshutdown2.o ABSOLUTE
    ../clib/libinit.s                        0x00000000   Number         0  libshutdown.o ABSOLUTE
    ../clib/locale.s                         0x00000000   Number         0  lc_numeric_c.o ABSOLUTE
    ../clib/longlong.s                       0x00000000   Number         0  lludiv10.o ABSOLUTE
    ../clib/longlong.s                       0x00000000   Number         0  llushr.o ABSOLUTE
    ../clib/memcpset.s                       0x00000000   Number         0  rt_memclr_w.o ABSOLUTE
    ../clib/memcpset.s                       0x00000000   Number         0  rt_memcpy_w.o ABSOLUTE
    ../clib/memcpset.s                       0x00000000   Number         0  strcmpv7m.o ABSOLUTE
    ../clib/misc.s                           0x00000000   Number         0  printf_stubs.o ABSOLUTE
    ../clib/printf.c                         0x00000000   Number         0  __printf_flags_wp.o ABSOLUTE
    ../clib/printf.c                         0x00000000   Number         0  __printf_flags_ss.o ABSOLUTE
    ../clib/printf.c                         0x00000000   Number         0  _printf_fp_dec.o ABSOLUTE
    ../clib/printf.c                         0x00000000   Number         0  __printf_wp.o ABSOLUTE
    ../clib/printf.c                         0x00000000   Number         0  _printf_char_common.o ABSOLUTE
    ../clib/printf.c                         0x00000000   Number         0  _sputc.o ABSOLUTE
    ../clib/printf.c                         0x00000000   Number         0  __printf_ss.o ABSOLUTE
    ../clib/printf.c                         0x00000000   Number         0  _printf_fp_infnan.o ABSOLUTE
    ../clib/printf.c                         0x00000000   Number         0  __printf_flags.o ABSOLUTE
    ../clib/printf.c                         0x00000000   Number         0  __printf_nopercent.o ABSOLUTE
    ../clib/printf.c                         0x00000000   Number         0  noretval__2sprintf.o ABSOLUTE
    ../clib/printf.c                         0x00000000   Number         0  __printf.o ABSOLUTE
    ../clib/printf.c                         0x00000000   Number         0  __2sprintf.o ABSOLUTE
    ../clib/printf.c                         0x00000000   Number         0  __printf_flags_ss_wp.o ABSOLUTE
    ../clib/printf.c                         0x00000000   Number         0  __printf_ss_wp.o ABSOLUTE
    ../clib/printf.c                         0x00000000   Number         0  _printf_pad.o ABSOLUTE
    ../clib/printf_percent.s                 0x00000000   Number         0  _printf_percent_end.o ABSOLUTE
    ../clib/printf_percent.s                 0x00000000   Number         0  _printf_percent.o ABSOLUTE
    ../clib/printf_percent.s                 0x00000000   Number         0  _printf_f.o ABSOLUTE
    ../clib/signal.c                         0x00000000   Number         0  defsig_other.o ABSOLUTE
    ../clib/signal.c                         0x00000000   Number         0  defsig_cppl_inner.o ABSOLUTE
    ../clib/signal.c                         0x00000000   Number         0  defsig_general.o ABSOLUTE
    ../clib/signal.c                         0x00000000   Number         0  defsig_rtmem_outer.o ABSOLUTE
    ../clib/signal.c                         0x00000000   Number         0  defsig_rtred_inner.o ABSOLUTE
    ../clib/signal.c                         0x00000000   Number         0  defsig_segv_inner.o ABSOLUTE
    ../clib/signal.c                         0x00000000   Number         0  defsig_rtmem_formal.o ABSOLUTE
    ../clib/signal.c                         0x00000000   Number         0  defsig_pvfn_inner.o ABSOLUTE
    ../clib/signal.c                         0x00000000   Number         0  defsig_exit.o ABSOLUTE
    ../clib/signal.c                         0x00000000   Number         0  defsig_rtmem_inner.o ABSOLUTE
    ../clib/signal.c                         0x00000000   Number         0  __raise.o ABSOLUTE
    ../clib/signal.c                         0x00000000   Number         0  defsig_abrt_inner.o ABSOLUTE
    ../clib/signal.c                         0x00000000   Number         0  defsig_fpe_inner.o ABSOLUTE
    ../clib/signal.c                         0x00000000   Number         0  defsig_stak_inner.o ABSOLUTE
    ../clib/signal.s                         0x00000000   Number         0  defsig.o ABSOLUTE
    ../clib/stdlib.c                         0x00000000   Number         0  exit.o ABSOLUTE
    ../fplib/d2f.s                           0x00000000   Number         0  d2f.o ABSOLUTE
    ../fplib/daddsub.s                       0x00000000   Number         0  daddsub_clz.o ABSOLUTE
    ../fplib/dcheck1.s                       0x00000000   Number         0  dcheck1.o ABSOLUTE
    ../fplib/ddiv.s                          0x00000000   Number         0  ddiv.o ABSOLUTE
    ../fplib/dflt.s                          0x00000000   Number         0  dflt_clz.o ABSOLUTE
    ../fplib/dmul.s                          0x00000000   Number         0  dmul.o ABSOLUTE
    ../fplib/dnaninf.s                       0x00000000   Number         0  dnaninf.o ABSOLUTE
    ../fplib/dretinf.s                       0x00000000   Number         0  dretinf.o ABSOLUTE
    ../fplib/f2d.s                           0x00000000   Number         0  f2d.o ABSOLUTE
    ../fplib/faddsub.s                       0x00000000   Number         0  faddsub_clz.o ABSOLUTE
    ../fplib/fmul.s                          0x00000000   Number         0  fmul.o ABSOLUTE
    ../fplib/fnaninf.s                       0x00000000   Number         0  fnaninf.o ABSOLUTE
    ../fplib/fpinit.s                        0x00000000   Number         0  fpinit.o ABSOLUTE
    ../fplib/fretinf.s                       0x00000000   Number         0  fretinf.o ABSOLUTE
    ../fplib/istatus.s                       0x00000000   Number         0  istatus.o ABSOLUTE
    ../fplib/printf1.s                       0x00000000   Number         0  printf1.o ABSOLUTE
    ../fplib/retnan.s                        0x00000000   Number         0  retnan.o ABSOLUTE
    ../fplib/scalbn.s                        0x00000000   Number         0  scalbn.o ABSOLUTE
    ../fplib/trapv.s                         0x00000000   Number         0  trapv.o ABSOLUTE
    ../fplib/usenofp.s                       0x00000000   Number         0  usenofp.o ABSOLUTE
    ../mathlib/atan.c                        0x00000000   Number         0  atan.o ABSOLUTE
    ../mathlib/atan.c                        0x00000000   Number         0  atan_x.o ABSOLUTE
    ../mathlib/atan2.c                       0x00000000   Number         0  atan2.o ABSOLUTE
    ../mathlib/atan2.c                       0x00000000   Number         0  atan2_x.o ABSOLUTE
    ../mathlib/dunder.c                      0x00000000   Number         0  dunder.o ABSOLUTE
    ../mathlib/fpclassify.c                  0x00000000   Number         0  fpclassify.o ABSOLUTE
    ../mathlib/poly.c                        0x00000000   Number         0  poly.o ABSOLUTE
    ../mathlib/qnan.c                        0x00000000   Number         0  qnan.o ABSOLUTE
    ..\Core\Src\gpio.c                       0x00000000   Number         0  gpio.o ABSOLUTE
    ..\Core\Src\i2c.c                        0x00000000   Number         0  i2c.o ABSOLUTE
    ..\Core\Src\main.c                       0x00000000   Number         0  main.o ABSOLUTE
    ..\Core\Src\mpu6050.c                    0x00000000   Number         0  mpu6050.o ABSOLUTE
    ..\Core\Src\oled.c                       0x00000000   Number         0  oled.o ABSOLUTE
    ..\Core\Src\stm32f1xx_hal_msp.c          0x00000000   Number         0  stm32f1xx_hal_msp.o ABSOLUTE
    ..\Core\Src\stm32f1xx_it.c               0x00000000   Number         0  stm32f1xx_it.o ABSOLUTE
    ..\Core\Src\system_stm32f1xx.c           0x00000000   Number         0  system_stm32f1xx.o ABSOLUTE
    ..\Drivers\STM32F1xx_HAL_Driver\Src\stm32f1xx_hal.c 0x00000000   Number         0  stm32f1xx_hal.o ABSOLUTE
    ..\Drivers\STM32F1xx_HAL_Driver\Src\stm32f1xx_hal_cortex.c 0x00000000   Number         0  stm32f1xx_hal_cortex.o ABSOLUTE
    ..\Drivers\STM32F1xx_HAL_Driver\Src\stm32f1xx_hal_dma.c 0x00000000   Number         0  stm32f1xx_hal_dma.o ABSOLUTE
    ..\Drivers\STM32F1xx_HAL_Driver\Src\stm32f1xx_hal_exti.c 0x00000000   Number         0  stm32f1xx_hal_exti.o ABSOLUTE
    ..\Drivers\STM32F1xx_HAL_Driver\Src\stm32f1xx_hal_flash.c 0x00000000   Number         0  stm32f1xx_hal_flash.o ABSOLUTE
    ..\Drivers\STM32F1xx_HAL_Driver\Src\stm32f1xx_hal_flash_ex.c 0x00000000   Number         0  stm32f1xx_hal_flash_ex.o ABSOLUTE
    ..\Drivers\STM32F1xx_HAL_Driver\Src\stm32f1xx_hal_gpio.c 0x00000000   Number         0  stm32f1xx_hal_gpio.o ABSOLUTE
    ..\Drivers\STM32F1xx_HAL_Driver\Src\stm32f1xx_hal_gpio_ex.c 0x00000000   Number         0  stm32f1xx_hal_gpio_ex.o ABSOLUTE
    ..\Drivers\STM32F1xx_HAL_Driver\Src\stm32f1xx_hal_i2c.c 0x00000000   Number         0  stm32f1xx_hal_i2c.o ABSOLUTE
    ..\Drivers\STM32F1xx_HAL_Driver\Src\stm32f1xx_hal_pwr.c 0x00000000   Number         0  stm32f1xx_hal_pwr.o ABSOLUTE
    ..\Drivers\STM32F1xx_HAL_Driver\Src\stm32f1xx_hal_rcc.c 0x00000000   Number         0  stm32f1xx_hal_rcc.o ABSOLUTE
    ..\Drivers\STM32F1xx_HAL_Driver\Src\stm32f1xx_hal_rcc_ex.c 0x00000000   Number         0  stm32f1xx_hal_rcc_ex.o ABSOLUTE
    ..\Drivers\STM32F1xx_HAL_Driver\Src\stm32f1xx_hal_tim.c 0x00000000   Number         0  stm32f1xx_hal_tim.o ABSOLUTE
    ..\Drivers\STM32F1xx_HAL_Driver\Src\stm32f1xx_hal_tim_ex.c 0x00000000   Number         0  stm32f1xx_hal_tim_ex.o ABSOLUTE
    ..\\Core\\Src\\mpu6050.c                 0x00000000   Number         0  mpu6050.o ABSOLUTE
    ..\\Core\\Src\\oled.c                    0x00000000   Number         0  oled.o ABSOLUTE
    dc.s                                     0x00000000   Number         0  dc.o ABSOLUTE
    startup_stm32f103xb.s                    0x00000000   Number         0  startup_stm32f103xb.o ABSOLUTE
    RESET                                    0x08000000   Section      236  startup_stm32f103xb.o(RESET)
    !!!main                                  0x080000ec   Section        8  __main.o(!!!main)
    !!!scatter                               0x080000f4   Section       52  __scatter.o(!!!scatter)
    !!handler_copy                           0x08000128   Section       26  __scatter_copy.o(!!handler_copy)
    !!handler_zi                             0x08000144   Section       28  __scatter_zi.o(!!handler_zi)
    .ARM.Collect$$_printf_percent$$00000000  0x08000160   Section        0  _printf_percent.o(.ARM.Collect$$_printf_percent$$00000000)
    .ARM.Collect$$_printf_percent$$00000003  0x08000160   Section        6  _printf_f.o(.ARM.Collect$$_printf_percent$$00000003)
    .ARM.Collect$$_printf_percent$$00000017  0x08000166   Section        4  _printf_percent_end.o(.ARM.Collect$$_printf_percent$$00000017)
    .ARM.Collect$$libinit$$00000000          0x0800016a   Section        2  libinit.o(.ARM.Collect$$libinit$$00000000)
    .ARM.Collect$$libinit$$00000002          0x0800016c   Section        0  libinit2.o(.ARM.Collect$$libinit$$00000002)
    .ARM.Collect$$libinit$$00000004          0x0800016c   Section        0  libinit2.o(.ARM.Collect$$libinit$$00000004)
    .ARM.Collect$$libinit$$0000000A          0x0800016c   Section        0  libinit2.o(.ARM.Collect$$libinit$$0000000A)
    .ARM.Collect$$libinit$$0000000C          0x0800016c   Section        0  libinit2.o(.ARM.Collect$$libinit$$0000000C)
    .ARM.Collect$$libinit$$0000000E          0x0800016c   Section        0  libinit2.o(.ARM.Collect$$libinit$$0000000E)
    .ARM.Collect$$libinit$$0000000F          0x0800016c   Section        6  libinit2.o(.ARM.Collect$$libinit$$0000000F)
    .ARM.Collect$$libinit$$00000011          0x08000172   Section        0  libinit2.o(.ARM.Collect$$libinit$$00000011)
    .ARM.Collect$$libinit$$00000013          0x08000172   Section        0  libinit2.o(.ARM.Collect$$libinit$$00000013)
    .ARM.Collect$$libinit$$00000015          0x08000172   Section        0  libinit2.o(.ARM.Collect$$libinit$$00000015)
    .ARM.Collect$$libinit$$00000016          0x08000172   Section       10  libinit2.o(.ARM.Collect$$libinit$$00000016)
    .ARM.Collect$$libinit$$00000017          0x0800017c   Section        0  libinit2.o(.ARM.Collect$$libinit$$00000017)
    .ARM.Collect$$libinit$$00000019          0x0800017c   Section        0  libinit2.o(.ARM.Collect$$libinit$$00000019)
    .ARM.Collect$$libinit$$0000001B          0x0800017c   Section        0  libinit2.o(.ARM.Collect$$libinit$$0000001B)
    .ARM.Collect$$libinit$$0000001D          0x0800017c   Section        0  libinit2.o(.ARM.Collect$$libinit$$0000001D)
    .ARM.Collect$$libinit$$0000001F          0x0800017c   Section        0  libinit2.o(.ARM.Collect$$libinit$$0000001F)
    .ARM.Collect$$libinit$$00000021          0x0800017c   Section        0  libinit2.o(.ARM.Collect$$libinit$$00000021)
    .ARM.Collect$$libinit$$00000023          0x0800017c   Section        0  libinit2.o(.ARM.Collect$$libinit$$00000023)
    .ARM.Collect$$libinit$$00000025          0x0800017c   Section        0  libinit2.o(.ARM.Collect$$libinit$$00000025)
    .ARM.Collect$$libinit$$0000002C          0x0800017c   Section        0  libinit2.o(.ARM.Collect$$libinit$$0000002C)
    .ARM.Collect$$libinit$$0000002E          0x0800017c   Section        0  libinit2.o(.ARM.Collect$$libinit$$0000002E)
    .ARM.Collect$$libinit$$00000030          0x0800017c   Section        0  libinit2.o(.ARM.Collect$$libinit$$00000030)
    .ARM.Collect$$libinit$$00000032          0x0800017c   Section        0  libinit2.o(.ARM.Collect$$libinit$$00000032)
    .ARM.Collect$$libinit$$00000033          0x0800017c   Section        2  libinit2.o(.ARM.Collect$$libinit$$00000033)
    .ARM.Collect$$libshutdown$$00000000      0x0800017e   Section        2  libshutdown.o(.ARM.Collect$$libshutdown$$00000000)
    .ARM.Collect$$libshutdown$$00000002      0x08000180   Section        0  libshutdown2.o(.ARM.Collect$$libshutdown$$00000002)
    .ARM.Collect$$libshutdown$$00000004      0x08000180   Section        0  libshutdown2.o(.ARM.Collect$$libshutdown$$00000004)
    .ARM.Collect$$libshutdown$$00000007      0x08000180   Section        0  libshutdown2.o(.ARM.Collect$$libshutdown$$00000007)
    .ARM.Collect$$libshutdown$$0000000A      0x08000180   Section        0  libshutdown2.o(.ARM.Collect$$libshutdown$$0000000A)
    .ARM.Collect$$libshutdown$$0000000C      0x08000180   Section        0  libshutdown2.o(.ARM.Collect$$libshutdown$$0000000C)
    .ARM.Collect$$libshutdown$$0000000F      0x08000180   Section        0  libshutdown2.o(.ARM.Collect$$libshutdown$$0000000F)
    .ARM.Collect$$libshutdown$$00000010      0x08000180   Section        2  libshutdown2.o(.ARM.Collect$$libshutdown$$00000010)
    .ARM.Collect$$rtentry$$00000000          0x08000182   Section        0  __rtentry.o(.ARM.Collect$$rtentry$$00000000)
    .ARM.Collect$$rtentry$$00000002          0x08000182   Section        0  __rtentry2.o(.ARM.Collect$$rtentry$$00000002)
    .ARM.Collect$$rtentry$$00000004          0x08000182   Section        6  __rtentry4.o(.ARM.Collect$$rtentry$$00000004)
    .ARM.Collect$$rtentry$$00000009          0x08000188   Section        0  __rtentry2.o(.ARM.Collect$$rtentry$$00000009)
    .ARM.Collect$$rtentry$$0000000A          0x08000188   Section        4  __rtentry2.o(.ARM.Collect$$rtentry$$0000000A)
    .ARM.Collect$$rtentry$$0000000C          0x0800018c   Section        0  __rtentry2.o(.ARM.Collect$$rtentry$$0000000C)
    .ARM.Collect$$rtentry$$0000000D          0x0800018c   Section        8  __rtentry2.o(.ARM.Collect$$rtentry$$0000000D)
    .ARM.Collect$$rtexit$$00000000           0x08000194   Section        2  rtexit.o(.ARM.Collect$$rtexit$$00000000)
    .ARM.Collect$$rtexit$$00000002           0x08000196   Section        0  rtexit2.o(.ARM.Collect$$rtexit$$00000002)
    .ARM.Collect$$rtexit$$00000003           0x08000196   Section        4  rtexit2.o(.ARM.Collect$$rtexit$$00000003)
    .ARM.Collect$$rtexit$$00000004           0x0800019a   Section        6  rtexit2.o(.ARM.Collect$$rtexit$$00000004)
    .text                                    0x080001a0   Section       64  startup_stm32f103xb.o(.text)
    .text                                    0x080001e0   Section        0  noretval__2sprintf.o(.text)
    .text                                    0x08000208   Section        0  _printf_pad.o(.text)
    .text                                    0x08000256   Section        0  __printf_wp.o(.text)
    .text                                    0x08000364   Section      100  rt_memcpy_w.o(.text)
    .text                                    0x080003c8   Section       78  rt_memclr_w.o(.text)
    .text                                    0x08000416   Section        0  heapauxi.o(.text)
    .text                                    0x0800041c   Section        0  _printf_fp_dec.o(.text)
    _fp_digits                               0x0800041f   Thumb Code   432  _printf_fp_dec.o(.text)
    .text                                    0x0800083c   Section        0  _printf_char_common.o(.text)
    _printf_input_char                       0x0800083d   Thumb Code    10  _printf_char_common.o(.text)
    .text                                    0x0800086c   Section        0  _sputc.o(.text)
    .text                                    0x08000878   Section        8  libspace.o(.text)
    .text                                    0x08000880   Section        8  rt_locale_intlibspace.o(.text)
    .text                                    0x08000888   Section      138  lludiv10.o(.text)
    .text                                    0x08000914   Section        0  _printf_fp_infnan.o(.text)
    .text                                    0x08000994   Section        0  bigflt0.o(.text)
    .text                                    0x08000a78   Section        2  use_no_semi.o(.text)
    .text                                    0x08000a7a   Section       74  sys_stackheap_outer.o(.text)
    .text                                    0x08000a7a   Section        0  indicate_semi.o(.text)
    .text                                    0x08000ac4   Section        0  exit.o(.text)
    .text                                    0x08000ad8   Section      128  strcmpv7m.o(.text)
    .text                                    0x08000b58   Section        0  sys_exit.o(.text)
    CL$$btod_d2e                             0x08000b64   Section       62  btod.o(CL$$btod_d2e)
    CL$$btod_d2e_denorm_low                  0x08000ba2   Section       70  btod.o(CL$$btod_d2e_denorm_low)
    CL$$btod_d2e_norm_op1                    0x08000be8   Section       96  btod.o(CL$$btod_d2e_norm_op1)
    CL$$btod_div_common                      0x08000c48   Section      824  btod.o(CL$$btod_div_common)
    CL$$btod_e2e                             0x08000f80   Section      220  btod.o(CL$$btod_e2e)
    CL$$btod_ediv                            0x0800105c   Section       42  btod.o(CL$$btod_ediv)
    CL$$btod_emul                            0x08001086   Section       42  btod.o(CL$$btod_emul)
    CL$$btod_mult_common                     0x080010b0   Section      580  btod.o(CL$$btod_mult_common)
    i.BusFault_Handler                       0x080012f4   Section        0  stm32f1xx_it.o(i.BusFault_Handler)
    i.DebugMon_Handler                       0x080012f6   Section        0  stm32f1xx_it.o(i.DebugMon_Handler)
    i.Error_Handler                          0x080012f8   Section        0  main.o(i.Error_Handler)
    i.HAL_Delay                              0x080012fc   Section        0  stm32f1xx_hal.o(i.HAL_Delay)
    i.HAL_GPIO_Init                          0x08001320   Section        0  stm32f1xx_hal_gpio.o(i.HAL_GPIO_Init)
    i.HAL_GetTick                            0x08001500   Section        0  stm32f1xx_hal.o(i.HAL_GetTick)
    i.HAL_I2C_Init                           0x0800150c   Section        0  stm32f1xx_hal_i2c.o(i.HAL_I2C_Init)
    i.HAL_I2C_Master_Transmit                0x08001694   Section        0  stm32f1xx_hal_i2c.o(i.HAL_I2C_Master_Transmit)
    i.HAL_I2C_Mem_Read                       0x080017c0   Section        0  stm32f1xx_hal_i2c.o(i.HAL_I2C_Mem_Read)
    i.HAL_I2C_Mem_Write                      0x08001a1c   Section        0  stm32f1xx_hal_i2c.o(i.HAL_I2C_Mem_Write)
    i.HAL_I2C_MspInit                        0x08001b4c   Section        0  i2c.o(i.HAL_I2C_MspInit)
    i.HAL_IncTick                            0x08001be4   Section        0  stm32f1xx_hal.o(i.HAL_IncTick)
    i.HAL_Init                               0x08001bf4   Section        0  stm32f1xx_hal.o(i.HAL_Init)
    i.HAL_InitTick                           0x08001c18   Section        0  stm32f1xx_hal.o(i.HAL_InitTick)
    i.HAL_MspInit                            0x08001c58   Section        0  stm32f1xx_hal_msp.o(i.HAL_MspInit)
    i.HAL_NVIC_SetPriority                   0x08001c94   Section        0  stm32f1xx_hal_cortex.o(i.HAL_NVIC_SetPriority)
    i.HAL_NVIC_SetPriorityGrouping           0x08001cd4   Section        0  stm32f1xx_hal_cortex.o(i.HAL_NVIC_SetPriorityGrouping)
    i.HAL_RCC_ClockConfig                    0x08001cf8   Section        0  stm32f1xx_hal_rcc.o(i.HAL_RCC_ClockConfig)
    i.HAL_RCC_GetPCLK1Freq                   0x08001e24   Section        0  stm32f1xx_hal_rcc.o(i.HAL_RCC_GetPCLK1Freq)
    i.HAL_RCC_GetSysClockFreq                0x08001e44   Section        0  stm32f1xx_hal_rcc.o(i.HAL_RCC_GetSysClockFreq)
    i.HAL_RCC_OscConfig                      0x08001e90   Section        0  stm32f1xx_hal_rcc.o(i.HAL_RCC_OscConfig)
    i.HAL_SYSTICK_Config                     0x080021b0   Section        0  stm32f1xx_hal_cortex.o(i.HAL_SYSTICK_Config)
    i.HardFault_Handler                      0x080021d8   Section        0  stm32f1xx_it.o(i.HardFault_Handler)
    i.I2C_IsAcknowledgeFailed                0x080021da   Section        0  stm32f1xx_hal_i2c.o(i.I2C_IsAcknowledgeFailed)
    I2C_IsAcknowledgeFailed                  0x080021db   Thumb Code    46  stm32f1xx_hal_i2c.o(i.I2C_IsAcknowledgeFailed)
    i.I2C_MasterRequestWrite                 0x08002208   Section        0  stm32f1xx_hal_i2c.o(i.I2C_MasterRequestWrite)
    I2C_MasterRequestWrite                   0x08002209   Thumb Code   150  stm32f1xx_hal_i2c.o(i.I2C_MasterRequestWrite)
    i.I2C_RequestMemoryRead                  0x080022a4   Section        0  stm32f1xx_hal_i2c.o(i.I2C_RequestMemoryRead)
    I2C_RequestMemoryRead                    0x080022a5   Thumb Code   246  stm32f1xx_hal_i2c.o(i.I2C_RequestMemoryRead)
    i.I2C_RequestMemoryWrite                 0x080023a0   Section        0  stm32f1xx_hal_i2c.o(i.I2C_RequestMemoryWrite)
    I2C_RequestMemoryWrite                   0x080023a1   Thumb Code   162  stm32f1xx_hal_i2c.o(i.I2C_RequestMemoryWrite)
    i.I2C_WaitOnBTFFlagUntilTimeout          0x08002448   Section        0  stm32f1xx_hal_i2c.o(i.I2C_WaitOnBTFFlagUntilTimeout)
    I2C_WaitOnBTFFlagUntilTimeout            0x08002449   Thumb Code    86  stm32f1xx_hal_i2c.o(i.I2C_WaitOnBTFFlagUntilTimeout)
    i.I2C_WaitOnFlagUntilTimeout             0x080024a0   Section        0  stm32f1xx_hal_i2c.o(i.I2C_WaitOnFlagUntilTimeout)
    I2C_WaitOnFlagUntilTimeout               0x080024a1   Thumb Code   144  stm32f1xx_hal_i2c.o(i.I2C_WaitOnFlagUntilTimeout)
    i.I2C_WaitOnMasterAddressFlagUntilTimeout 0x08002530   Section        0  stm32f1xx_hal_i2c.o(i.I2C_WaitOnMasterAddressFlagUntilTimeout)
    I2C_WaitOnMasterAddressFlagUntilTimeout  0x08002531   Thumb Code   188  stm32f1xx_hal_i2c.o(i.I2C_WaitOnMasterAddressFlagUntilTimeout)
    i.I2C_WaitOnRXNEFlagUntilTimeout         0x080025ec   Section        0  stm32f1xx_hal_i2c.o(i.I2C_WaitOnRXNEFlagUntilTimeout)
    I2C_WaitOnRXNEFlagUntilTimeout           0x080025ed   Thumb Code   112  stm32f1xx_hal_i2c.o(i.I2C_WaitOnRXNEFlagUntilTimeout)
    i.I2C_WaitOnTXEFlagUntilTimeout          0x0800265c   Section        0  stm32f1xx_hal_i2c.o(i.I2C_WaitOnTXEFlagUntilTimeout)
    I2C_WaitOnTXEFlagUntilTimeout            0x0800265d   Thumb Code    86  stm32f1xx_hal_i2c.o(i.I2C_WaitOnTXEFlagUntilTimeout)
    i.MPU6050_Init                           0x080026b4   Section        0  mpu6050.o(i.MPU6050_Init)
    i.MPU6050_Read_Accel                     0x08002770   Section        0  mpu6050.o(i.MPU6050_Read_Accel)
    i.MPU6050_Read_Gyro                      0x080027fc   Section        0  mpu6050.o(i.MPU6050_Read_Gyro)
    i.MX_GPIO_Init                           0x08002890   Section        0  gpio.o(i.MX_GPIO_Init)
    i.MX_I2C1_Init                           0x080028dc   Section        0  i2c.o(i.MX_I2C1_Init)
    i.MX_I2C2_Init                           0x0800291c   Section        0  i2c.o(i.MX_I2C2_Init)
    i.MemManage_Handler                      0x0800295c   Section        0  stm32f1xx_it.o(i.MemManage_Handler)
    i.NMI_Handler                            0x0800295e   Section        0  stm32f1xx_it.o(i.NMI_Handler)
    i.OLED_Clear                             0x08002960   Section        0  oled.o(i.OLED_Clear)
    i.OLED_Init                              0x08002988   Section        0  oled.o(i.OLED_Init)
    i.OLED_NewFrame                          0x080029c8   Section        0  oled.o(i.OLED_NewFrame)
    i.OLED_ShowChar6X8                       0x080029f0   Section        0  oled.o(i.OLED_ShowChar6X8)
    i.OLED_ShowFrame                         0x08002a1c   Section        0  oled.o(i.OLED_ShowFrame)
    i.OLED_ShowString6X8                     0x08002a7c   Section        0  oled.o(i.OLED_ShowString6X8)
    i.PendSV_Handler                         0x08002aaa   Section        0  stm32f1xx_it.o(i.PendSV_Handler)
    i.SVC_Handler                            0x08002aac   Section        0  stm32f1xx_it.o(i.SVC_Handler)
    i.SysTick_Handler                        0x08002aae   Section        0  stm32f1xx_it.o(i.SysTick_Handler)
    i.SystemClock_Config                     0x08002ab2   Section        0  main.o(i.SystemClock_Config)
    i.SystemInit                             0x08002b10   Section        0  system_stm32f1xx.o(i.SystemInit)
    i.UsageFault_Handler                     0x08002b12   Section        0  stm32f1xx_it.o(i.UsageFault_Handler)
    i.__ARM_fpclassify                       0x08002b14   Section        0  fpclassify.o(i.__ARM_fpclassify)
    i.__NVIC_SetPriority                     0x08002b3c   Section        0  stm32f1xx_hal_cortex.o(i.__NVIC_SetPriority)
    __NVIC_SetPriority                       0x08002b3d   Thumb Code    32  stm32f1xx_hal_cortex.o(i.__NVIC_SetPriority)
    i._is_digit                              0x08002b5c   Section        0  __printf_wp.o(i._is_digit)
    i._setPosition                           0x08002b6a   Section        0  oled.o(i._setPosition)
    i._writeCMD                              0x08002b90   Section        0  oled.o(i._writeCMD)
    i._writeDATA                             0x08002bb4   Section        0  oled.o(i._writeDATA)
    i.main                                   0x08002bd8   Section        0  main.o(i.main)
    locale$$code                             0x08002d1c   Section       44  lc_numeric_c.o(locale$$code)
    x$fpl$d2f                                0x08002d48   Section       98  d2f.o(x$fpl$d2f)
    x$fpl$dadd                               0x08002dac   Section      336  daddsub_clz.o(x$fpl$dadd)
    _dadd1                                   0x08002dbd   Thumb Code     0  daddsub_clz.o(x$fpl$dadd)
    x$fpl$dcheck1                            0x08002efc   Section       16  dcheck1.o(x$fpl$dcheck1)
    x$fpl$ddiv                               0x08002f0c   Section      688  ddiv.o(x$fpl$ddiv)
    ddiv_entry                               0x08002f13   Thumb Code     0  ddiv.o(x$fpl$ddiv)
    x$fpl$dflt                               0x080031bc   Section       46  dflt_clz.o(x$fpl$dflt)
    x$fpl$dnaninf                            0x080031ea   Section      156  dnaninf.o(x$fpl$dnaninf)
    x$fpl$dretinf                            0x08003286   Section       12  dretinf.o(x$fpl$dretinf)
    x$fpl$dsub                               0x08003294   Section      468  daddsub_clz.o(x$fpl$dsub)
    _dsub1                                   0x080032a5   Thumb Code     0  daddsub_clz.o(x$fpl$dsub)
    x$fpl$f2d                                0x08003468   Section       86  f2d.o(x$fpl$f2d)
    x$fpl$fnaninf                            0x080034be   Section      140  fnaninf.o(x$fpl$fnaninf)
    x$fpl$fretinf                            0x0800354a   Section       10  fretinf.o(x$fpl$fretinf)
    x$fpl$printf1                            0x08003554   Section        4  printf1.o(x$fpl$printf1)
    x$fpl$retnan                             0x08003558   Section      100  retnan.o(x$fpl$retnan)
    x$fpl$scalbn                             0x080035bc   Section       92  scalbn.o(x$fpl$scalbn)
    x$fpl$trapveneer                         0x08003618   Section       48  trapv.o(x$fpl$trapveneer)
    .constdata                               0x08003648   Section     2442  oled.o(.constdata)
    x$fpl$usenofp                            0x08003648   Section        0  usenofp.o(x$fpl$usenofp)
    .constdata                               0x08003fd2   Section       18  stm32f1xx_hal_rcc.o(.constdata)
    aPredivFactorTable                       0x08003fd2   Data           2  stm32f1xx_hal_rcc.o(.constdata)
    aPLLMULFactorTable                       0x08003fd4   Data          16  stm32f1xx_hal_rcc.o(.constdata)
    .constdata                               0x08003fe4   Section       16  system_stm32f1xx.o(.constdata)
    .constdata                               0x08003ff4   Section        8  system_stm32f1xx.o(.constdata)
    .constdata                               0x08003ffc   Section      148  bigflt0.o(.constdata)
    tenpwrs_x                                0x08003ffc   Data          60  bigflt0.o(.constdata)
    tenpwrs_i                                0x08004038   Data          64  bigflt0.o(.constdata)
    locale$$data                             0x080040b0   Section       28  lc_numeric_c.o(locale$$data)
    __lcnum_c_name                           0x080040b4   Data           2  lc_numeric_c.o(locale$$data)
    __lcnum_c_start                          0x080040bc   Data           0  lc_numeric_c.o(locale$$data)
    __lcnum_c_point                          0x080040c8   Data           0  lc_numeric_c.o(locale$$data)
    __lcnum_c_thousands                      0x080040ca   Data           0  lc_numeric_c.o(locale$$data)
    __lcnum_c_grouping                       0x080040cb   Data           0  lc_numeric_c.o(locale$$data)
    __lcnum_c_end                            0x080040cc   Data           0  lc_numeric_c.o(locale$$data)
    .data                                    0x20000000   Section       68  mpu6050.o(.data)
    .data                                    0x20000044   Section       12  stm32f1xx_hal.o(.data)
    .data                                    0x20000050   Section        4  system_stm32f1xx.o(.data)
    .bss                                     0x20000054   Section      168  i2c.o(.bss)
    .bss                                     0x200000fc   Section     1024  oled.o(.bss)
    .bss                                     0x200004fc   Section       96  libspace.o(.bss)
    HEAP                                     0x20000560   Section      512  startup_stm32f103xb.o(HEAP)
    Heap_Mem                                 0x20000560   Data         512  startup_stm32f103xb.o(HEAP)
    STACK                                    0x20000760   Section     1024  startup_stm32f103xb.o(STACK)
    Stack_Mem                                0x20000760   Data        1024  startup_stm32f103xb.o(STACK)
    __initial_sp                             0x20000b60   Data           0  startup_stm32f103xb.o(STACK)

    Global Symbols

    Symbol Name                              Value     Ov Type        Size  Object(Section)

    BuildAttributes$$THM_ISAv4$P$D$K$B$S$PE$A:L22UL41UL21$X:L11$S22US41US21$IEEE1$IW$USESV6$~STKCKD$USESV7$~SHL$OTIME$ROPI$IEEEX$EBA8$UX$STANDARDLIB$REQ8$PRES8$EABIv2 0x00000000   Number         0  anon$$obj.o ABSOLUTE
    __ARM_use_no_argv                        0x00000000   Number         0  main.o ABSOLUTE
    _printf_flags                            0x00000000   Number         0  printf_stubs.o ABSOLUTE
    _printf_return_value                     0x00000000   Number         0  printf_stubs.o ABSOLUTE
    _printf_sizespec                         0x00000000   Number         0  printf_stubs.o ABSOLUTE
    _printf_widthprec                        0x00000000   Number         0  printf_stubs.o ABSOLUTE
    __ARM_exceptions_init                     - Undefined Weak Reference
    __alloca_initialize                       - Undefined Weak Reference
    __arm_preinit_                            - Undefined Weak Reference
    __cpp_initialize__aeabi_                  - Undefined Weak Reference
    __cxa_finalize                            - Undefined Weak Reference
    __sigvec_lookup                           - Undefined Weak Reference
    __user_heap_extent                        - Undefined Weak Reference
    _atexit_init                              - Undefined Weak Reference
    _call_atexit_fns                          - Undefined Weak Reference
    _clock_init                               - Undefined Weak Reference
    _fp_trap_init                             - Undefined Weak Reference
    _fp_trap_shutdown                         - Undefined Weak Reference
    _get_lc_collate                           - Undefined Weak Reference
    _get_lc_ctype                             - Undefined Weak Reference
    _get_lc_monetary                          - Undefined Weak Reference
    _get_lc_time                              - Undefined Weak Reference
    _getenv_init                              - Undefined Weak Reference
    _handle_redirection                       - Undefined Weak Reference
    _initio                                   - Undefined Weak Reference
    _mutex_acquire                            - Undefined Weak Reference
    _mutex_free                               - Undefined Weak Reference
    _mutex_release                            - Undefined Weak Reference
    _rand_init                                - Undefined Weak Reference
    _signal_finish                            - Undefined Weak Reference
    _signal_init                              - Undefined Weak Reference
    _terminateio                              - Undefined Weak Reference
    __Vectors_Size                           0x000000ec   Number         0  startup_stm32f103xb.o ABSOLUTE
    __Vectors                                0x08000000   Data           4  startup_stm32f103xb.o(RESET)
    __Vectors_End                            0x080000ec   Data           0  startup_stm32f103xb.o(RESET)
    __main                                   0x080000ed   Thumb Code     8  __main.o(!!!main)
    __scatterload                            0x080000f5   Thumb Code     0  __scatter.o(!!!scatter)
    __scatterload_rt2                        0x080000f5   Thumb Code    44  __scatter.o(!!!scatter)
    __scatterload_rt2_thumb_only             0x080000f5   Thumb Code     0  __scatter.o(!!!scatter)
    __scatterload_null                       0x08000103   Thumb Code     0  __scatter.o(!!!scatter)
    __scatterload_copy                       0x08000129   Thumb Code    26  __scatter_copy.o(!!handler_copy)
    __scatterload_zeroinit                   0x08000145   Thumb Code    28  __scatter_zi.o(!!handler_zi)
    _printf_f                                0x08000161   Thumb Code     0  _printf_f.o(.ARM.Collect$$_printf_percent$$00000003)
    _printf_percent                          0x08000161   Thumb Code     0  _printf_percent.o(.ARM.Collect$$_printf_percent$$00000000)
    _printf_percent_end                      0x08000167   Thumb Code     0  _printf_percent_end.o(.ARM.Collect$$_printf_percent$$00000017)
    __rt_lib_init                            0x0800016b   Thumb Code     0  libinit.o(.ARM.Collect$$libinit$$00000000)
    __rt_lib_init_fp_1                       0x0800016d   Thumb Code     0  libinit2.o(.ARM.Collect$$libinit$$00000002)
    __rt_lib_init_heap_1                     0x0800016d   Thumb Code     0  libinit2.o(.ARM.Collect$$libinit$$0000000A)
    __rt_lib_init_lc_common                  0x0800016d   Thumb Code     0  libinit2.o(.ARM.Collect$$libinit$$0000000F)
    __rt_lib_init_preinit_1                  0x0800016d   Thumb Code     0  libinit2.o(.ARM.Collect$$libinit$$00000004)
    __rt_lib_init_rand_1                     0x0800016d   Thumb Code     0  libinit2.o(.ARM.Collect$$libinit$$0000000E)
    __rt_lib_init_user_alloc_1               0x0800016d   Thumb Code     0  libinit2.o(.ARM.Collect$$libinit$$0000000C)
    __rt_lib_init_lc_collate_1               0x08000173   Thumb Code     0  libinit2.o(.ARM.Collect$$libinit$$00000011)
    __rt_lib_init_lc_ctype_1                 0x08000173   Thumb Code     0  libinit2.o(.ARM.Collect$$libinit$$00000013)
    __rt_lib_init_lc_monetary_1              0x08000173   Thumb Code     0  libinit2.o(.ARM.Collect$$libinit$$00000015)
    __rt_lib_init_lc_numeric_2               0x08000173   Thumb Code     0  libinit2.o(.ARM.Collect$$libinit$$00000016)
    __rt_lib_init_alloca_1                   0x0800017d   Thumb Code     0  libinit2.o(.ARM.Collect$$libinit$$0000002E)
    __rt_lib_init_argv_1                     0x0800017d   Thumb Code     0  libinit2.o(.ARM.Collect$$libinit$$0000002C)
    __rt_lib_init_atexit_1                   0x0800017d   Thumb Code     0  libinit2.o(.ARM.Collect$$libinit$$0000001B)
    __rt_lib_init_clock_1                    0x0800017d   Thumb Code     0  libinit2.o(.ARM.Collect$$libinit$$00000021)
    __rt_lib_init_cpp_1                      0x0800017d   Thumb Code     0  libinit2.o(.ARM.Collect$$libinit$$00000032)
    __rt_lib_init_exceptions_1               0x0800017d   Thumb Code     0  libinit2.o(.ARM.Collect$$libinit$$00000030)
    __rt_lib_init_fp_trap_1                  0x0800017d   Thumb Code     0  libinit2.o(.ARM.Collect$$libinit$$0000001F)
    __rt_lib_init_getenv_1                   0x0800017d   Thumb Code     0  libinit2.o(.ARM.Collect$$libinit$$00000023)
    __rt_lib_init_lc_numeric_1               0x0800017d   Thumb Code     0  libinit2.o(.ARM.Collect$$libinit$$00000017)
    __rt_lib_init_lc_time_1                  0x0800017d   Thumb Code     0  libinit2.o(.ARM.Collect$$libinit$$00000019)
    __rt_lib_init_return                     0x0800017d   Thumb Code     0  libinit2.o(.ARM.Collect$$libinit$$00000033)
    __rt_lib_init_signal_1                   0x0800017d   Thumb Code     0  libinit2.o(.ARM.Collect$$libinit$$0000001D)
    __rt_lib_init_stdio_1                    0x0800017d   Thumb Code     0  libinit2.o(.ARM.Collect$$libinit$$00000025)
    __rt_lib_shutdown                        0x0800017f   Thumb Code     0  libshutdown.o(.ARM.Collect$$libshutdown$$00000000)
    __rt_lib_shutdown_cpp_1                  0x08000181   Thumb Code     0  libshutdown2.o(.ARM.Collect$$libshutdown$$00000002)
    __rt_lib_shutdown_fp_trap_1              0x08000181   Thumb Code     0  libshutdown2.o(.ARM.Collect$$libshutdown$$00000007)
    __rt_lib_shutdown_heap_1                 0x08000181   Thumb Code     0  libshutdown2.o(.ARM.Collect$$libshutdown$$0000000F)
    __rt_lib_shutdown_return                 0x08000181   Thumb Code     0  libshutdown2.o(.ARM.Collect$$libshutdown$$00000010)
    __rt_lib_shutdown_signal_1               0x08000181   Thumb Code     0  libshutdown2.o(.ARM.Collect$$libshutdown$$0000000A)
    __rt_lib_shutdown_stdio_1                0x08000181   Thumb Code     0  libshutdown2.o(.ARM.Collect$$libshutdown$$00000004)
    __rt_lib_shutdown_user_alloc_1           0x08000181   Thumb Code     0  libshutdown2.o(.ARM.Collect$$libshutdown$$0000000C)
    __rt_entry                               0x08000183   Thumb Code     0  __rtentry.o(.ARM.Collect$$rtentry$$00000000)
    __rt_entry_presh_1                       0x08000183   Thumb Code     0  __rtentry2.o(.ARM.Collect$$rtentry$$00000002)
    __rt_entry_sh                            0x08000183   Thumb Code     0  __rtentry4.o(.ARM.Collect$$rtentry$$00000004)
    __rt_entry_li                            0x08000189   Thumb Code     0  __rtentry2.o(.ARM.Collect$$rtentry$$0000000A)
    __rt_entry_postsh_1                      0x08000189   Thumb Code     0  __rtentry2.o(.ARM.Collect$$rtentry$$00000009)
    __rt_entry_main                          0x0800018d   Thumb Code     0  __rtentry2.o(.ARM.Collect$$rtentry$$0000000D)
    __rt_entry_postli_1                      0x0800018d   Thumb Code     0  __rtentry2.o(.ARM.Collect$$rtentry$$0000000C)
    __rt_exit                                0x08000195   Thumb Code     0  rtexit.o(.ARM.Collect$$rtexit$$00000000)
    __rt_exit_ls                             0x08000197   Thumb Code     0  rtexit2.o(.ARM.Collect$$rtexit$$00000003)
    __rt_exit_prels_1                        0x08000197   Thumb Code     0  rtexit2.o(.ARM.Collect$$rtexit$$00000002)
    __rt_exit_exit                           0x0800019b   Thumb Code     0  rtexit2.o(.ARM.Collect$$rtexit$$00000004)
    Reset_Handler                            0x080001a1   Thumb Code     8  startup_stm32f103xb.o(.text)
    ADC1_2_IRQHandler                        0x080001bb   Thumb Code     0  startup_stm32f103xb.o(.text)
    CAN1_RX1_IRQHandler                      0x080001bb   Thumb Code     0  startup_stm32f103xb.o(.text)
    CAN1_SCE_IRQHandler                      0x080001bb   Thumb Code     0  startup_stm32f103xb.o(.text)
    DMA1_Channel1_IRQHandler                 0x080001bb   Thumb Code     0  startup_stm32f103xb.o(.text)
    DMA1_Channel2_IRQHandler                 0x080001bb   Thumb Code     0  startup_stm32f103xb.o(.text)
    DMA1_Channel3_IRQHandler                 0x080001bb   Thumb Code     0  startup_stm32f103xb.o(.text)
    DMA1_Channel4_IRQHandler                 0x080001bb   Thumb Code     0  startup_stm32f103xb.o(.text)
    DMA1_Channel5_IRQHandler                 0x080001bb   Thumb Code     0  startup_stm32f103xb.o(.text)
    DMA1_Channel6_IRQHandler                 0x080001bb   Thumb Code     0  startup_stm32f103xb.o(.text)
    DMA1_Channel7_IRQHandler                 0x080001bb   Thumb Code     0  startup_stm32f103xb.o(.text)
    EXTI0_IRQHandler                         0x080001bb   Thumb Code     0  startup_stm32f103xb.o(.text)
    EXTI15_10_IRQHandler                     0x080001bb   Thumb Code     0  startup_stm32f103xb.o(.text)
    EXTI1_IRQHandler                         0x080001bb   Thumb Code     0  startup_stm32f103xb.o(.text)
    EXTI2_IRQHandler                         0x080001bb   Thumb Code     0  startup_stm32f103xb.o(.text)
    EXTI3_IRQHandler                         0x080001bb   Thumb Code     0  startup_stm32f103xb.o(.text)
    EXTI4_IRQHandler                         0x080001bb   Thumb Code     0  startup_stm32f103xb.o(.text)
    EXTI9_5_IRQHandler                       0x080001bb   Thumb Code     0  startup_stm32f103xb.o(.text)
    FLASH_IRQHandler                         0x080001bb   Thumb Code     0  startup_stm32f103xb.o(.text)
    I2C1_ER_IRQHandler                       0x080001bb   Thumb Code     0  startup_stm32f103xb.o(.text)
    I2C1_EV_IRQHandler                       0x080001bb   Thumb Code     0  startup_stm32f103xb.o(.text)
    I2C2_ER_IRQHandler                       0x080001bb   Thumb Code     0  startup_stm32f103xb.o(.text)
    I2C2_EV_IRQHandler                       0x080001bb   Thumb Code     0  startup_stm32f103xb.o(.text)
    PVD_IRQHandler                           0x080001bb   Thumb Code     0  startup_stm32f103xb.o(.text)
    RCC_IRQHandler                           0x080001bb   Thumb Code     0  startup_stm32f103xb.o(.text)
    RTC_Alarm_IRQHandler                     0x080001bb   Thumb Code     0  startup_stm32f103xb.o(.text)
    RTC_IRQHandler                           0x080001bb   Thumb Code     0  startup_stm32f103xb.o(.text)
    SPI1_IRQHandler                          0x080001bb   Thumb Code     0  startup_stm32f103xb.o(.text)
    SPI2_IRQHandler                          0x080001bb   Thumb Code     0  startup_stm32f103xb.o(.text)
    TAMPER_IRQHandler                        0x080001bb   Thumb Code     0  startup_stm32f103xb.o(.text)
    TIM1_BRK_IRQHandler                      0x080001bb   Thumb Code     0  startup_stm32f103xb.o(.text)
    TIM1_CC_IRQHandler                       0x080001bb   Thumb Code     0  startup_stm32f103xb.o(.text)
    TIM1_TRG_COM_IRQHandler                  0x080001bb   Thumb Code     0  startup_stm32f103xb.o(.text)
    TIM1_UP_IRQHandler                       0x080001bb   Thumb Code     0  startup_stm32f103xb.o(.text)
    TIM2_IRQHandler                          0x080001bb   Thumb Code     0  startup_stm32f103xb.o(.text)
    TIM3_IRQHandler                          0x080001bb   Thumb Code     0  startup_stm32f103xb.o(.text)
    TIM4_IRQHandler                          0x080001bb   Thumb Code     0  startup_stm32f103xb.o(.text)
    USART1_IRQHandler                        0x080001bb   Thumb Code     0  startup_stm32f103xb.o(.text)
    USART2_IRQHandler                        0x080001bb   Thumb Code     0  startup_stm32f103xb.o(.text)
    USART3_IRQHandler                        0x080001bb   Thumb Code     0  startup_stm32f103xb.o(.text)
    USBWakeUp_IRQHandler                     0x080001bb   Thumb Code     0  startup_stm32f103xb.o(.text)
    USB_HP_CAN1_TX_IRQHandler                0x080001bb   Thumb Code     0  startup_stm32f103xb.o(.text)
    USB_LP_CAN1_RX0_IRQHandler               0x080001bb   Thumb Code     0  startup_stm32f103xb.o(.text)
    WWDG_IRQHandler                          0x080001bb   Thumb Code     0  startup_stm32f103xb.o(.text)
    __user_initial_stackheap                 0x080001bd   Thumb Code     0  startup_stm32f103xb.o(.text)
    __2sprintf                               0x080001e1   Thumb Code    34  noretval__2sprintf.o(.text)
    _printf_pre_padding                      0x08000209   Thumb Code    44  _printf_pad.o(.text)
    _printf_post_padding                     0x08000235   Thumb Code    34  _printf_pad.o(.text)
    __printf                                 0x08000257   Thumb Code   270  __printf_wp.o(.text)
    __aeabi_memcpy4                          0x08000365   Thumb Code     0  rt_memcpy_w.o(.text)
    __aeabi_memcpy8                          0x08000365   Thumb Code     0  rt_memcpy_w.o(.text)
    __rt_memcpy_w                            0x08000365   Thumb Code   100  rt_memcpy_w.o(.text)
    _memcpy_lastbytes_aligned                0x080003ad   Thumb Code     0  rt_memcpy_w.o(.text)
    __aeabi_memclr4                          0x080003c9   Thumb Code     0  rt_memclr_w.o(.text)
    __aeabi_memclr8                          0x080003c9   Thumb Code     0  rt_memclr_w.o(.text)
    __rt_memclr_w                            0x080003c9   Thumb Code    78  rt_memclr_w.o(.text)
    _memset_w                                0x080003cd   Thumb Code     0  rt_memclr_w.o(.text)
    __use_two_region_memory                  0x08000417   Thumb Code     2  heapauxi.o(.text)
    __rt_heap_escrow                         0x08000419   Thumb Code     2  heapauxi.o(.text)
    __rt_heap_expand                         0x0800041b   Thumb Code     2  heapauxi.o(.text)
    __lib_sel_fp_printf                      0x0800041d   Thumb Code     2  _printf_fp_dec.o(.text)
    _printf_fp_dec_real                      0x080005cf   Thumb Code   620  _printf_fp_dec.o(.text)
    _printf_char_common                      0x08000847   Thumb Code    32  _printf_char_common.o(.text)
    _sputc                                   0x0800086d   Thumb Code    10  _sputc.o(.text)
    __user_libspace                          0x08000879   Thumb Code     8  libspace.o(.text)
    __user_perproc_libspace                  0x08000879   Thumb Code     0  libspace.o(.text)
    __user_perthread_libspace                0x08000879   Thumb Code     0  libspace.o(.text)
    __rt_locale                              0x08000881   Thumb Code     8  rt_locale_intlibspace.o(.text)
    _ll_udiv10                               0x08000889   Thumb Code   138  lludiv10.o(.text)
    _printf_fp_infnan                        0x08000915   Thumb Code   112  _printf_fp_infnan.o(.text)
    _btod_etento                             0x08000995   Thumb Code   224  bigflt0.o(.text)
    __I$use$semihosting                      0x08000a79   Thumb Code     0  use_no_semi.o(.text)
    __use_no_semihosting_swi                 0x08000a79   Thumb Code     2  use_no_semi.o(.text)
    __semihosting_library_function           0x08000a7b   Thumb Code     0  indicate_semi.o(.text)
    __user_setup_stackheap                   0x08000a7b   Thumb Code    74  sys_stackheap_outer.o(.text)
    exit                                     0x08000ac5   Thumb Code    18  exit.o(.text)
    strcmp                                   0x08000ad9   Thumb Code   128  strcmpv7m.o(.text)
    _sys_exit                                0x08000b59   Thumb Code     8  sys_exit.o(.text)
    _btod_d2e                                0x08000b65   Thumb Code    62  btod.o(CL$$btod_d2e)
    _d2e_denorm_low                          0x08000ba3   Thumb Code    70  btod.o(CL$$btod_d2e_denorm_low)
    _d2e_norm_op1                            0x08000be9   Thumb Code    96  btod.o(CL$$btod_d2e_norm_op1)
    __btod_div_common                        0x08000c49   Thumb Code   696  btod.o(CL$$btod_div_common)
    _e2e                                     0x08000f81   Thumb Code   220  btod.o(CL$$btod_e2e)
    _btod_ediv                               0x0800105d   Thumb Code    42  btod.o(CL$$btod_ediv)
    _btod_emul                               0x08001087   Thumb Code    42  btod.o(CL$$btod_emul)
    __btod_mult_common                       0x080010b1   Thumb Code   580  btod.o(CL$$btod_mult_common)
    BusFault_Handler                         0x080012f5   Thumb Code     2  stm32f1xx_it.o(i.BusFault_Handler)
    DebugMon_Handler                         0x080012f7   Thumb Code     2  stm32f1xx_it.o(i.DebugMon_Handler)
    Error_Handler                            0x080012f9   Thumb Code     4  main.o(i.Error_Handler)
    HAL_Delay                                0x080012fd   Thumb Code    32  stm32f1xx_hal.o(i.HAL_Delay)
    HAL_GPIO_Init                            0x08001321   Thumb Code   446  stm32f1xx_hal_gpio.o(i.HAL_GPIO_Init)
    HAL_GetTick                              0x08001501   Thumb Code     6  stm32f1xx_hal.o(i.HAL_GetTick)
    HAL_I2C_Init                             0x0800150d   Thumb Code   376  stm32f1xx_hal_i2c.o(i.HAL_I2C_Init)
    HAL_I2C_Master_Transmit                  0x08001695   Thumb Code   290  stm32f1xx_hal_i2c.o(i.HAL_I2C_Master_Transmit)
    HAL_I2C_Mem_Read                         0x080017c1   Thumb Code   586  stm32f1xx_hal_i2c.o(i.HAL_I2C_Mem_Read)
    HAL_I2C_Mem_Write                        0x08001a1d   Thumb Code   294  stm32f1xx_hal_i2c.o(i.HAL_I2C_Mem_Write)
    HAL_I2C_MspInit                          0x08001b4d   Thumb Code   134  i2c.o(i.HAL_I2C_MspInit)
    HAL_IncTick                              0x08001be5   Thumb Code    12  stm32f1xx_hal.o(i.HAL_IncTick)
    HAL_Init                                 0x08001bf5   Thumb Code    32  stm32f1xx_hal.o(i.HAL_Init)
    HAL_InitTick                             0x08001c19   Thumb Code    54  stm32f1xx_hal.o(i.HAL_InitTick)
    HAL_MspInit                              0x08001c59   Thumb Code    52  stm32f1xx_hal_msp.o(i.HAL_MspInit)
    HAL_NVIC_SetPriority                     0x08001c95   Thumb Code    60  stm32f1xx_hal_cortex.o(i.HAL_NVIC_SetPriority)
    HAL_NVIC_SetPriorityGrouping             0x08001cd5   Thumb Code    26  stm32f1xx_hal_cortex.o(i.HAL_NVIC_SetPriorityGrouping)
    HAL_RCC_ClockConfig                      0x08001cf9   Thumb Code   280  stm32f1xx_hal_rcc.o(i.HAL_RCC_ClockConfig)
    HAL_RCC_GetPCLK1Freq                     0x08001e25   Thumb Code    20  stm32f1xx_hal_rcc.o(i.HAL_RCC_GetPCLK1Freq)
    HAL_RCC_GetSysClockFreq                  0x08001e45   Thumb Code    58  stm32f1xx_hal_rcc.o(i.HAL_RCC_GetSysClockFreq)
    HAL_RCC_OscConfig                        0x08001e91   Thumb Code   778  stm32f1xx_hal_rcc.o(i.HAL_RCC_OscConfig)
    HAL_SYSTICK_Config                       0x080021b1   Thumb Code    40  stm32f1xx_hal_cortex.o(i.HAL_SYSTICK_Config)
    HardFault_Handler                        0x080021d9   Thumb Code     2  stm32f1xx_it.o(i.HardFault_Handler)
    MPU6050_Init                             0x080026b5   Thumb Code   182  mpu6050.o(i.MPU6050_Init)
    MPU6050_Read_Accel                       0x08002771   Thumb Code   128  mpu6050.o(i.MPU6050_Read_Accel)
    MPU6050_Read_Gyro                        0x080027fd   Thumb Code   134  mpu6050.o(i.MPU6050_Read_Gyro)
    MX_GPIO_Init                             0x08002891   Thumb Code    70  gpio.o(i.MX_GPIO_Init)
    MX_I2C1_Init                             0x080028dd   Thumb Code    50  i2c.o(i.MX_I2C1_Init)
    MX_I2C2_Init                             0x0800291d   Thumb Code    50  i2c.o(i.MX_I2C2_Init)
    MemManage_Handler                        0x0800295d   Thumb Code     2  stm32f1xx_it.o(i.MemManage_Handler)
    NMI_Handler                              0x0800295f   Thumb Code     2  stm32f1xx_it.o(i.NMI_Handler)
    OLED_Clear                               0x08002961   Thumb Code    38  oled.o(i.OLED_Clear)
    OLED_Init                                0x08002989   Thumb Code    40  oled.o(i.OLED_Init)
    OLED_NewFrame                            0x080029c9   Thumb Code    34  oled.o(i.OLED_NewFrame)
    OLED_ShowChar6X8                         0x080029f1   Thumb Code    38  oled.o(i.OLED_ShowChar6X8)
    OLED_ShowFrame                           0x08002a1d   Thumb Code    86  oled.o(i.OLED_ShowFrame)
    OLED_ShowString6X8                       0x08002a7d   Thumb Code    46  oled.o(i.OLED_ShowString6X8)
    PendSV_Handler                           0x08002aab   Thumb Code     2  stm32f1xx_it.o(i.PendSV_Handler)
    SVC_Handler                              0x08002aad   Thumb Code     2  stm32f1xx_it.o(i.SVC_Handler)
    SysTick_Handler                          0x08002aaf   Thumb Code     4  stm32f1xx_it.o(i.SysTick_Handler)
    SystemClock_Config                       0x08002ab3   Thumb Code    94  main.o(i.SystemClock_Config)
    SystemInit                               0x08002b11   Thumb Code     2  system_stm32f1xx.o(i.SystemInit)
    UsageFault_Handler                       0x08002b13   Thumb Code     2  stm32f1xx_it.o(i.UsageFault_Handler)
    __ARM_fpclassify                         0x08002b15   Thumb Code    40  fpclassify.o(i.__ARM_fpclassify)
    _is_digit                                0x08002b5d   Thumb Code    14  __printf_wp.o(i._is_digit)
    _setPosition                             0x08002b6b   Thumb Code    36  oled.o(i._setPosition)
    _writeCMD                                0x08002b91   Thumb Code    32  oled.o(i._writeCMD)
    _writeDATA                               0x08002bb5   Thumb Code    32  oled.o(i._writeDATA)
    main                                     0x08002bd9   Thumb Code   252  main.o(i.main)
    _get_lc_numeric                          0x08002d1d   Thumb Code    44  lc_numeric_c.o(locale$$code)
    __aeabi_d2f                              0x08002d49   Thumb Code     0  d2f.o(x$fpl$d2f)
    _d2f                                     0x08002d49   Thumb Code    98  d2f.o(x$fpl$d2f)
    __aeabi_dadd                             0x08002dad   Thumb Code     0  daddsub_clz.o(x$fpl$dadd)
    _dadd                                    0x08002dad   Thumb Code   332  daddsub_clz.o(x$fpl$dadd)
    __fpl_dcheck_NaN1                        0x08002efd   Thumb Code    10  dcheck1.o(x$fpl$dcheck1)
    __aeabi_ddiv                             0x08002f0d   Thumb Code     0  ddiv.o(x$fpl$ddiv)
    _ddiv                                    0x08002f0d   Thumb Code   552  ddiv.o(x$fpl$ddiv)
    __aeabi_i2d                              0x080031bd   Thumb Code     0  dflt_clz.o(x$fpl$dflt)
    _dflt                                    0x080031bd   Thumb Code    46  dflt_clz.o(x$fpl$dflt)
    __fpl_dnaninf                            0x080031eb   Thumb Code   156  dnaninf.o(x$fpl$dnaninf)
    __fpl_dretinf                            0x08003287   Thumb Code    12  dretinf.o(x$fpl$dretinf)
    __aeabi_dsub                             0x08003295   Thumb Code     0  daddsub_clz.o(x$fpl$dsub)
    _dsub                                    0x08003295   Thumb Code   464  daddsub_clz.o(x$fpl$dsub)
    __aeabi_f2d                              0x08003469   Thumb Code     0  f2d.o(x$fpl$f2d)
    _f2d                                     0x08003469   Thumb Code    86  f2d.o(x$fpl$f2d)
    __fpl_fnaninf                            0x080034bf   Thumb Code   140  fnaninf.o(x$fpl$fnaninf)
    __fpl_fretinf                            0x0800354b   Thumb Code    10  fretinf.o(x$fpl$fretinf)
    _printf_fp_dec                           0x08003555   Thumb Code     4  printf1.o(x$fpl$printf1)
    __fpl_return_NaN                         0x08003559   Thumb Code   100  retnan.o(x$fpl$retnan)
    __ARM_scalbn                             0x080035bd   Thumb Code    92  scalbn.o(x$fpl$scalbn)
    __fpl_cmpreturn                          0x08003619   Thumb Code    48  trapv.o(x$fpl$trapveneer)
    __I$use$fp                               0x08003648   Number         0  usenofp.o(x$fpl$usenofp)
    font16X16                                0x08003648   Data          64  oled.o(.constdata)
    char8X16                                 0x08003688   Data        1520  oled.o(.constdata)
    char6X8                                  0x08003c78   Data         570  oled.o(.constdata)
    image                                    0x08003eb2   Data         288  oled.o(.constdata)
    AHBPrescTable                            0x08003fe4   Data          16  system_stm32f1xx.o(.constdata)
    APBPrescTable                            0x08003ff4   Data           8  system_stm32f1xx.o(.constdata)
    Region$$Table$$Base                      0x08004090   Number         0  anon$$obj.o(Region$$Table)
    Region$$Table$$Limit                     0x080040b0   Number         0  anon$$obj.o(Region$$Table)
    Accel_X_RAW                              0x20000000   Data           2  mpu6050.o(.data)
    Accel_Y_RAW                              0x20000002   Data           2  mpu6050.o(.data)
    Accel_Z_RAW                              0x20000004   Data           2  mpu6050.o(.data)
    Gyro_X_RAW                               0x20000006   Data           2  mpu6050.o(.data)
    Gyro_Y_RAW                               0x20000008   Data           2  mpu6050.o(.data)
    Gyro_Z_RAW                               0x2000000a   Data           2  mpu6050.o(.data)
    Ax                                       0x2000000c   Data           4  mpu6050.o(.data)
    Ay                                       0x20000010   Data           4  mpu6050.o(.data)
    Az                                       0x20000014   Data           4  mpu6050.o(.data)
    Gx                                       0x20000018   Data           4  mpu6050.o(.data)
    Gy                                       0x2000001c   Data           4  mpu6050.o(.data)
    Gz                                       0x20000020   Data           4  mpu6050.o(.data)
    roll_a                                   0x20000024   Data           4  mpu6050.o(.data)
    pitch_a                                  0x20000028   Data           4  mpu6050.o(.data)
    roll_g                                   0x2000002c   Data           4  mpu6050.o(.data)
    pitch_g                                  0x20000030   Data           4  mpu6050.o(.data)
    yaw_g                                    0x20000034   Data           4  mpu6050.o(.data)
    roll                                     0x20000038   Data           4  mpu6050.o(.data)
    pitch                                    0x2000003c   Data           4  mpu6050.o(.data)
    yaw                                      0x20000040   Data           4  mpu6050.o(.data)
    uwTickFreq                               0x20000044   Data           1  stm32f1xx_hal.o(.data)
    uwTickPrio                               0x20000048   Data           4  stm32f1xx_hal.o(.data)
    uwTick                                   0x2000004c   Data           4  stm32f1xx_hal.o(.data)
    SystemCoreClock                          0x20000050   Data           4  system_stm32f1xx.o(.data)
    hi2c1                                    0x20000054   Data          84  i2c.o(.bss)
    hi2c2                                    0x200000a8   Data          84  i2c.o(.bss)
    GRAM                                     0x200000fc   Data        1024  oled.o(.bss)
    __libspace_start                         0x200004fc   Data          96  libspace.o(.bss)
    __temporary_stack_top$libspace           0x2000055c   Data           0  libspace.o(.bss)



==============================================================================

Memory Map of the image

  Image Entry point : 0x080000ed

  Load Region LR_IROM1 (Base: 0x08000000, Size: 0x00004120, Max: 0x00010000, ABSOLUTE)

    Execution Region ER_IROM1 (Exec base: 0x08000000, Load base: 0x08000000, Size: 0x000040cc, Max: 0x00010000, ABSOLUTE)

    Exec Addr    Load Addr    Size         Type   Attr      Idx    E Section Name        Object

    0x08000000   0x08000000   0x000000ec   Data   RO            3    RESET               startup_stm32f103xb.o
    0x080000ec   0x080000ec   0x00000008   Code   RO         2132  * !!!main             c_w.l(__main.o)
    0x080000f4   0x080000f4   0x00000034   Code   RO         2476    !!!scatter          c_w.l(__scatter.o)
    0x08000128   0x08000128   0x0000001a   Code   RO         2478    !!handler_copy      c_w.l(__scatter_copy.o)
    0x08000142   0x08000142   0x00000002   PAD
    0x08000144   0x08000144   0x0000001c   Code   RO         2480    !!handler_zi        c_w.l(__scatter_zi.o)
    0x08000160   0x08000160   0x00000000   Code   RO         2125    .ARM.Collect$$_printf_percent$$00000000  c_w.l(_printf_percent.o)
    0x08000160   0x08000160   0x00000006   Code   RO         2124    .ARM.Collect$$_printf_percent$$00000003  c_w.l(_printf_f.o)
    0x08000166   0x08000166   0x00000004   Code   RO         2212    .ARM.Collect$$_printf_percent$$00000017  c_w.l(_printf_percent_end.o)
    0x0800016a   0x0800016a   0x00000002   Code   RO         2413    .ARM.Collect$$libinit$$00000000  c_w.l(libinit.o)
    0x0800016c   0x0800016c   0x00000000   Code   RO         2216    .ARM.Collect$$libinit$$00000002  c_w.l(libinit2.o)
    0x0800016c   0x0800016c   0x00000000   Code   RO         2218    .ARM.Collect$$libinit$$00000004  c_w.l(libinit2.o)
    0x0800016c   0x0800016c   0x00000000   Code   RO         2221    .ARM.Collect$$libinit$$0000000A  c_w.l(libinit2.o)
    0x0800016c   0x0800016c   0x00000000   Code   RO         2223    .ARM.Collect$$libinit$$0000000C  c_w.l(libinit2.o)
    0x0800016c   0x0800016c   0x00000000   Code   RO         2225    .ARM.Collect$$libinit$$0000000E  c_w.l(libinit2.o)
    0x0800016c   0x0800016c   0x00000006   Code   RO         2226    .ARM.Collect$$libinit$$0000000F  c_w.l(libinit2.o)
    0x08000172   0x08000172   0x00000000   Code   RO         2228    .ARM.Collect$$libinit$$00000011  c_w.l(libinit2.o)
    0x08000172   0x08000172   0x00000000   Code   RO         2230    .ARM.Collect$$libinit$$00000013  c_w.l(libinit2.o)
    0x08000172   0x08000172   0x00000000   Code   RO         2232    .ARM.Collect$$libinit$$00000015  c_w.l(libinit2.o)
    0x08000172   0x08000172   0x0000000a   Code   RO         2233    .ARM.Collect$$libinit$$00000016  c_w.l(libinit2.o)
    0x0800017c   0x0800017c   0x00000000   Code   RO         2234    .ARM.Collect$$libinit$$00000017  c_w.l(libinit2.o)
    0x0800017c   0x0800017c   0x00000000   Code   RO         2236    .ARM.Collect$$libinit$$00000019  c_w.l(libinit2.o)
    0x0800017c   0x0800017c   0x00000000   Code   RO         2238    .ARM.Collect$$libinit$$0000001B  c_w.l(libinit2.o)
    0x0800017c   0x0800017c   0x00000000   Code   RO         2240    .ARM.Collect$$libinit$$0000001D  c_w.l(libinit2.o)
    0x0800017c   0x0800017c   0x00000000   Code   RO         2242    .ARM.Collect$$libinit$$0000001F  c_w.l(libinit2.o)
    0x0800017c   0x0800017c   0x00000000   Code   RO         2244    .ARM.Collect$$libinit$$00000021  c_w.l(libinit2.o)
    0x0800017c   0x0800017c   0x00000000   Code   RO         2246    .ARM.Collect$$libinit$$00000023  c_w.l(libinit2.o)
    0x0800017c   0x0800017c   0x00000000   Code   RO         2248    .ARM.Collect$$libinit$$00000025  c_w.l(libinit2.o)
    0x0800017c   0x0800017c   0x00000000   Code   RO         2252    .ARM.Collect$$libinit$$0000002C  c_w.l(libinit2.o)
    0x0800017c   0x0800017c   0x00000000   Code   RO         2254    .ARM.Collect$$libinit$$0000002E  c_w.l(libinit2.o)
    0x0800017c   0x0800017c   0x00000000   Code   RO         2256    .ARM.Collect$$libinit$$00000030  c_w.l(libinit2.o)
    0x0800017c   0x0800017c   0x00000000   Code   RO         2258    .ARM.Collect$$libinit$$00000032  c_w.l(libinit2.o)
    0x0800017c   0x0800017c   0x00000002   Code   RO         2259    .ARM.Collect$$libinit$$00000033  c_w.l(libinit2.o)
    0x0800017e   0x0800017e   0x00000002   Code   RO         2473    .ARM.Collect$$libshutdown$$00000000  c_w.l(libshutdown.o)
    0x08000180   0x08000180   0x00000000   Code   RO         2429    .ARM.Collect$$libshutdown$$00000002  c_w.l(libshutdown2.o)
    0x08000180   0x08000180   0x00000000   Code   RO         2431    .ARM.Collect$$libshutdown$$00000004  c_w.l(libshutdown2.o)
    0x08000180   0x08000180   0x00000000   Code   RO         2434    .ARM.Collect$$libshutdown$$00000007  c_w.l(libshutdown2.o)
    0x08000180   0x08000180   0x00000000   Code   RO         2437    .ARM.Collect$$libshutdown$$0000000A  c_w.l(libshutdown2.o)
    0x08000180   0x08000180   0x00000000   Code   RO         2439    .ARM.Collect$$libshutdown$$0000000C  c_w.l(libshutdown2.o)
    0x08000180   0x08000180   0x00000000   Code   RO         2442    .ARM.Collect$$libshutdown$$0000000F  c_w.l(libshutdown2.o)
    0x08000180   0x08000180   0x00000002   Code   RO         2443    .ARM.Collect$$libshutdown$$00000010  c_w.l(libshutdown2.o)
    0x08000182   0x08000182   0x00000000   Code   RO         2178    .ARM.Collect$$rtentry$$00000000  c_w.l(__rtentry.o)
    0x08000182   0x08000182   0x00000000   Code   RO         2302    .ARM.Collect$$rtentry$$00000002  c_w.l(__rtentry2.o)
    0x08000182   0x08000182   0x00000006   Code   RO         2314    .ARM.Collect$$rtentry$$00000004  c_w.l(__rtentry4.o)
    0x08000188   0x08000188   0x00000000   Code   RO         2304    .ARM.Collect$$rtentry$$00000009  c_w.l(__rtentry2.o)
    0x08000188   0x08000188   0x00000004   Code   RO         2305    .ARM.Collect$$rtentry$$0000000A  c_w.l(__rtentry2.o)
    0x0800018c   0x0800018c   0x00000000   Code   RO         2307    .ARM.Collect$$rtentry$$0000000C  c_w.l(__rtentry2.o)
    0x0800018c   0x0800018c   0x00000008   Code   RO         2308    .ARM.Collect$$rtentry$$0000000D  c_w.l(__rtentry2.o)
    0x08000194   0x08000194   0x00000002   Code   RO         2418    .ARM.Collect$$rtexit$$00000000  c_w.l(rtexit.o)
    0x08000196   0x08000196   0x00000000   Code   RO         2447    .ARM.Collect$$rtexit$$00000002  c_w.l(rtexit2.o)
    0x08000196   0x08000196   0x00000004   Code   RO         2448    .ARM.Collect$$rtexit$$00000003  c_w.l(rtexit2.o)
    0x0800019a   0x0800019a   0x00000006   Code   RO         2449    .ARM.Collect$$rtexit$$00000004  c_w.l(rtexit2.o)
    0x080001a0   0x080001a0   0x00000040   Code   RO            4    .text               startup_stm32f103xb.o
    0x080001e0   0x080001e0   0x00000028   Code   RO         2098    .text               c_w.l(noretval__2sprintf.o)
    0x08000208   0x08000208   0x0000004e   Code   RO         2102    .text               c_w.l(_printf_pad.o)
    0x08000256   0x08000256   0x0000010e   Code   RO         2112    .text               c_w.l(__printf_wp.o)
    0x08000364   0x08000364   0x00000064   Code   RO         2126    .text               c_w.l(rt_memcpy_w.o)
    0x080003c8   0x080003c8   0x0000004e   Code   RO         2128    .text               c_w.l(rt_memclr_w.o)
    0x08000416   0x08000416   0x00000006   Code   RO         2130    .text               c_w.l(heapauxi.o)
    0x0800041c   0x0800041c   0x0000041e   Code   RO         2206    .text               c_w.l(_printf_fp_dec.o)
    0x0800083a   0x0800083a   0x00000002   PAD
    0x0800083c   0x0800083c   0x00000030   Code   RO         2208    .text               c_w.l(_printf_char_common.o)
    0x0800086c   0x0800086c   0x0000000a   Code   RO         2210    .text               c_w.l(_sputc.o)
    0x08000876   0x08000876   0x00000002   PAD
    0x08000878   0x08000878   0x00000008   Code   RO         2298    .text               c_w.l(libspace.o)
    0x08000880   0x08000880   0x00000008   Code   RO         2319    .text               c_w.l(rt_locale_intlibspace.o)
    0x08000888   0x08000888   0x0000008a   Code   RO         2334    .text               c_w.l(lludiv10.o)
    0x08000912   0x08000912   0x00000002   PAD
    0x08000914   0x08000914   0x00000080   Code   RO         2336    .text               c_w.l(_printf_fp_infnan.o)
    0x08000994   0x08000994   0x000000e4   Code   RO         2340    .text               c_w.l(bigflt0.o)
    0x08000a78   0x08000a78   0x00000002   Code   RO         2387    .text               c_w.l(use_no_semi.o)
    0x08000a7a   0x08000a7a   0x00000000   Code   RO         2389    .text               c_w.l(indicate_semi.o)
    0x08000a7a   0x08000a7a   0x0000004a   Code   RO         2390    .text               c_w.l(sys_stackheap_outer.o)
    0x08000ac4   0x08000ac4   0x00000012   Code   RO         2396    .text               c_w.l(exit.o)
    0x08000ad6   0x08000ad6   0x00000002   PAD
    0x08000ad8   0x08000ad8   0x00000080   Code   RO         2402    .text               c_w.l(strcmpv7m.o)
    0x08000b58   0x08000b58   0x0000000c   Code   RO         2416    .text               c_w.l(sys_exit.o)
    0x08000b64   0x08000b64   0x0000003e   Code   RO         2343    CL$$btod_d2e        c_w.l(btod.o)
    0x08000ba2   0x08000ba2   0x00000046   Code   RO         2345    CL$$btod_d2e_denorm_low  c_w.l(btod.o)
    0x08000be8   0x08000be8   0x00000060   Code   RO         2344    CL$$btod_d2e_norm_op1  c_w.l(btod.o)
    0x08000c48   0x08000c48   0x00000338   Code   RO         2353    CL$$btod_div_common  c_w.l(btod.o)
    0x08000f80   0x08000f80   0x000000dc   Code   RO         2350    CL$$btod_e2e        c_w.l(btod.o)
    0x0800105c   0x0800105c   0x0000002a   Code   RO         2347    CL$$btod_ediv       c_w.l(btod.o)
    0x08001086   0x08001086   0x0000002a   Code   RO         2346    CL$$btod_emul       c_w.l(btod.o)
    0x080010b0   0x080010b0   0x00000244   Code   RO         2352    CL$$btod_mult_common  c_w.l(btod.o)
    0x080012f4   0x080012f4   0x00000002   Code   RO          235    i.BusFault_Handler  stm32f1xx_it.o
    0x080012f6   0x080012f6   0x00000002   Code   RO          236    i.DebugMon_Handler  stm32f1xx_it.o
    0x080012f8   0x080012f8   0x00000004   Code   RO           13    i.Error_Handler     main.o
    0x080012fc   0x080012fc   0x00000024   Code   RO          989    i.HAL_Delay         stm32f1xx_hal.o
    0x08001320   0x08001320   0x000001e0   Code   RO         1299    i.HAL_GPIO_Init     stm32f1xx_hal_gpio.o
    0x08001500   0x08001500   0x0000000c   Code   RO          993    i.HAL_GetTick       stm32f1xx_hal.o
    0x0800150c   0x0800150c   0x00000188   Code   RO          556    i.HAL_I2C_Init      stm32f1xx_hal_i2c.o
    0x08001694   0x08001694   0x0000012c   Code   RO          569    i.HAL_I2C_Master_Transmit  stm32f1xx_hal_i2c.o
    0x080017c0   0x080017c0   0x0000025c   Code   RO          574    i.HAL_I2C_Mem_Read  stm32f1xx_hal_i2c.o
    0x08001a1c   0x08001a1c   0x00000130   Code   RO          577    i.HAL_I2C_Mem_Write  stm32f1xx_hal_i2c.o
    0x08001b4c   0x08001b4c   0x00000098   Code   RO          188    i.HAL_I2C_MspInit   i2c.o
    0x08001be4   0x08001be4   0x00000010   Code   RO          999    i.HAL_IncTick       stm32f1xx_hal.o
    0x08001bf4   0x08001bf4   0x00000024   Code   RO         1000    i.HAL_Init          stm32f1xx_hal.o
    0x08001c18   0x08001c18   0x00000040   Code   RO         1001    i.HAL_InitTick      stm32f1xx_hal.o
    0x08001c58   0x08001c58   0x0000003c   Code   RO          310    i.HAL_MspInit       stm32f1xx_hal_msp.o
    0x08001c94   0x08001c94   0x00000040   Code   RO         1465    i.HAL_NVIC_SetPriority  stm32f1xx_hal_cortex.o
    0x08001cd4   0x08001cd4   0x00000024   Code   RO         1466    i.HAL_NVIC_SetPriorityGrouping  stm32f1xx_hal_cortex.o
    0x08001cf8   0x08001cf8   0x0000012c   Code   RO         1157    i.HAL_RCC_ClockConfig  stm32f1xx_hal_rcc.o
    0x08001e24   0x08001e24   0x00000020   Code   RO         1164    i.HAL_RCC_GetPCLK1Freq  stm32f1xx_hal_rcc.o
    0x08001e44   0x08001e44   0x0000004c   Code   RO         1166    i.HAL_RCC_GetSysClockFreq  stm32f1xx_hal_rcc.o
    0x08001e90   0x08001e90   0x00000320   Code   RO         1169    i.HAL_RCC_OscConfig  stm32f1xx_hal_rcc.o
    0x080021b0   0x080021b0   0x00000028   Code   RO         1470    i.HAL_SYSTICK_Config  stm32f1xx_hal_cortex.o
    0x080021d8   0x080021d8   0x00000002   Code   RO          237    i.HardFault_Handler  stm32f1xx_it.o
    0x080021da   0x080021da   0x0000002e   Code   RO          599    i.I2C_IsAcknowledgeFailed  stm32f1xx_hal_i2c.o
    0x08002208   0x08002208   0x0000009c   Code   RO          603    i.I2C_MasterRequestWrite  stm32f1xx_hal_i2c.o
    0x080022a4   0x080022a4   0x000000fc   Code   RO          609    i.I2C_RequestMemoryRead  stm32f1xx_hal_i2c.o
    0x080023a0   0x080023a0   0x000000a8   Code   RO          610    i.I2C_RequestMemoryWrite  stm32f1xx_hal_i2c.o
    0x08002448   0x08002448   0x00000056   Code   RO          614    i.I2C_WaitOnBTFFlagUntilTimeout  stm32f1xx_hal_i2c.o
    0x0800249e   0x0800249e   0x00000002   PAD
    0x080024a0   0x080024a0   0x00000090   Code   RO          615    i.I2C_WaitOnFlagUntilTimeout  stm32f1xx_hal_i2c.o
    0x08002530   0x08002530   0x000000bc   Code   RO          616    i.I2C_WaitOnMasterAddressFlagUntilTimeout  stm32f1xx_hal_i2c.o
    0x080025ec   0x080025ec   0x00000070   Code   RO          617    i.I2C_WaitOnRXNEFlagUntilTimeout  stm32f1xx_hal_i2c.o
    0x0800265c   0x0800265c   0x00000056   Code   RO          618    i.I2C_WaitOnTXEFlagUntilTimeout  stm32f1xx_hal_i2c.o
    0x080026b2   0x080026b2   0x00000002   PAD
    0x080026b4   0x080026b4   0x000000bc   Code   RO          334    i.MPU6050_Init      mpu6050.o
    0x08002770   0x08002770   0x0000008c   Code   RO          335    i.MPU6050_Read_Accel  mpu6050.o
    0x080027fc   0x080027fc   0x00000094   Code   RO          336    i.MPU6050_Read_Gyro  mpu6050.o
    0x08002890   0x08002890   0x0000004c   Code   RO          163    i.MX_GPIO_Init      gpio.o
    0x080028dc   0x080028dc   0x00000040   Code   RO          189    i.MX_I2C1_Init      i2c.o
    0x0800291c   0x0800291c   0x00000040   Code   RO          190    i.MX_I2C2_Init      i2c.o
    0x0800295c   0x0800295c   0x00000002   Code   RO          238    i.MemManage_Handler  stm32f1xx_it.o
    0x0800295e   0x0800295e   0x00000002   Code   RO          239    i.NMI_Handler       stm32f1xx_it.o
    0x08002960   0x08002960   0x00000026   Code   RO          382    i.OLED_Clear        oled.o
    0x08002986   0x08002986   0x00000002   PAD
    0x08002988   0x08002988   0x00000040   Code   RO          383    i.OLED_Init         oled.o
    0x080029c8   0x080029c8   0x00000028   Code   RO          384    i.OLED_NewFrame     oled.o
    0x080029f0   0x080029f0   0x0000002c   Code   RO          386    i.OLED_ShowChar6X8  oled.o
    0x08002a1c   0x08002a1c   0x00000060   Code   RO          389    i.OLED_ShowFrame    oled.o
    0x08002a7c   0x08002a7c   0x0000002e   Code   RO          393    i.OLED_ShowString6X8  oled.o
    0x08002aaa   0x08002aaa   0x00000002   Code   RO          240    i.PendSV_Handler    stm32f1xx_it.o
    0x08002aac   0x08002aac   0x00000002   Code   RO          241    i.SVC_Handler       stm32f1xx_it.o
    0x08002aae   0x08002aae   0x00000004   Code   RO          242    i.SysTick_Handler   stm32f1xx_it.o
    0x08002ab2   0x08002ab2   0x0000005e   Code   RO           14    i.SystemClock_Config  main.o
    0x08002b10   0x08002b10   0x00000002   Code   RO         1996    i.SystemInit        system_stm32f1xx.o
    0x08002b12   0x08002b12   0x00000002   Code   RO          243    i.UsageFault_Handler  stm32f1xx_it.o
    0x08002b14   0x08002b14   0x00000028   Code   RO         2383    i.__ARM_fpclassify  m_ws.l(fpclassify.o)
    0x08002b3c   0x08002b3c   0x00000020   Code   RO         1472    i.__NVIC_SetPriority  stm32f1xx_hal_cortex.o
    0x08002b5c   0x08002b5c   0x0000000e   Code   RO         2114    i._is_digit         c_w.l(__printf_wp.o)
    0x08002b6a   0x08002b6a   0x00000024   Code   RO          396    i._setPosition      oled.o
    0x08002b8e   0x08002b8e   0x00000002   PAD
    0x08002b90   0x08002b90   0x00000024   Code   RO          397    i._writeCMD         oled.o
    0x08002bb4   0x08002bb4   0x00000024   Code   RO          398    i._writeDATA        oled.o
    0x08002bd8   0x08002bd8   0x00000144   Code   RO           15    i.main              main.o
    0x08002d1c   0x08002d1c   0x0000002c   Code   RO         2366    locale$$code        c_w.l(lc_numeric_c.o)
    0x08002d48   0x08002d48   0x00000062   Code   RO         2134    x$fpl$d2f           fz_ws.l(d2f.o)
    0x08002daa   0x08002daa   0x00000002   PAD
    0x08002dac   0x08002dac   0x00000150   Code   RO         2136    x$fpl$dadd          fz_ws.l(daddsub_clz.o)
    0x08002efc   0x08002efc   0x00000010   Code   RO         2260    x$fpl$dcheck1       fz_ws.l(dcheck1.o)
    0x08002f0c   0x08002f0c   0x000002b0   Code   RO         2143    x$fpl$ddiv          fz_ws.l(ddiv.o)
    0x080031bc   0x080031bc   0x0000002e   Code   RO         2147    x$fpl$dflt          fz_ws.l(dflt_clz.o)
    0x080031ea   0x080031ea   0x0000009c   Code   RO         2262    x$fpl$dnaninf       fz_ws.l(dnaninf.o)
    0x08003286   0x08003286   0x0000000c   Code   RO         2264    x$fpl$dretinf       fz_ws.l(dretinf.o)
    0x08003292   0x08003292   0x00000002   PAD
    0x08003294   0x08003294   0x000001d4   Code   RO         2138    x$fpl$dsub          fz_ws.l(daddsub_clz.o)
    0x08003468   0x08003468   0x00000056   Code   RO         2154    x$fpl$f2d           fz_ws.l(f2d.o)
    0x080034be   0x080034be   0x0000008c   Code   RO         2266    x$fpl$fnaninf       fz_ws.l(fnaninf.o)
    0x0800354a   0x0800354a   0x0000000a   Code   RO         2268    x$fpl$fretinf       fz_ws.l(fretinf.o)
    0x08003554   0x08003554   0x00000004   Code   RO         2164    x$fpl$printf1       fz_ws.l(printf1.o)
    0x08003558   0x08003558   0x00000064   Code   RO         2381    x$fpl$retnan        fz_ws.l(retnan.o)
    0x080035bc   0x080035bc   0x0000005c   Code   RO         2166    x$fpl$scalbn        fz_ws.l(scalbn.o)
    0x08003618   0x08003618   0x00000030   Code   RO         2414    x$fpl$trapveneer    fz_ws.l(trapv.o)
    0x08003648   0x08003648   0x00000000   Code   RO         2270    x$fpl$usenofp       fz_ws.l(usenofp.o)
    0x08003648   0x08003648   0x0000098a   Data   RO          400    .constdata          oled.o
    0x08003fd2   0x08003fd2   0x00000012   Data   RO         1170    .constdata          stm32f1xx_hal_rcc.o
    0x08003fe4   0x08003fe4   0x00000010   Data   RO         1997    .constdata          system_stm32f1xx.o
    0x08003ff4   0x08003ff4   0x00000008   Data   RO         1998    .constdata          system_stm32f1xx.o
    0x08003ffc   0x08003ffc   0x00000094   Data   RO         2341    .constdata          c_w.l(bigflt0.o)
    0x08004090   0x08004090   0x00000020   Data   RO         2474    Region$$Table       anon$$obj.o
    0x080040b0   0x080040b0   0x0000001c   Data   RO         2365    locale$$data        c_w.l(lc_numeric_c.o)


    Execution Region RW_IRAM1 (Exec base: 0x20000000, Load base: 0x080040cc, Size: 0x00000b60, Max: 0x00005000, ABSOLUTE)

    Exec Addr    Load Addr    Size         Type   Attr      Idx    E Section Name        Object

    0x20000000   0x080040cc   0x00000044   Data   RW          338    .data               mpu6050.o
    0x20000044   0x08004110   0x0000000c   Data   RW         1007    .data               stm32f1xx_hal.o
    0x20000050   0x0800411c   0x00000004   Data   RW         1999    .data               system_stm32f1xx.o
    0x20000054        -       0x000000a8   Zero   RW          191    .bss                i2c.o
    0x200000fc        -       0x00000400   Zero   RW          399    .bss                oled.o
    0x200004fc        -       0x00000060   Zero   RW         2299    .bss                c_w.l(libspace.o)
    0x2000055c   0x08004120   0x00000004   PAD
    0x20000560        -       0x00000200   Zero   RW            2    HEAP                startup_stm32f103xb.o
    0x20000760        -       0x00000400   Zero   RW            1    STACK               startup_stm32f103xb.o


==============================================================================

Image component sizes


      Code (inc. data)   RO Data    RW Data    ZI Data      Debug   Object Name

        76          6          0          0          0        835   gpio.o
       280         46          0          0        168       2234   i2c.o
       422         72          0          0          0     394732   main.o
       476         32          0         68          0       2416   mpu6050.o
       436         54       2442          0       1024       6344   oled.o
        64         26        236          0       1536        800   startup_stm32f103xb.o
       164         28          0         12          0       5825   stm32f1xx_hal.o
       172         14          0          0          0      28238   stm32f1xx_hal_cortex.o
       480         34          0          0          0       2244   stm32f1xx_hal_gpio.o
      2838         72          0          0          0      14856   stm32f1xx_hal_i2c.o
        60          8          0          0          0        850   stm32f1xx_hal_msp.o
      1208         72         18          0          0       4509   stm32f1xx_hal_rcc.o
        20          0          0          0          0       3794   stm32f1xx_it.o
         2          0         24          4          0       1091   system_stm32f1xx.o

    ----------------------------------------------------------------------
      6706        464       2752         84       2728     468768   Object Totals
         0          0         32          0          0          0   (incl. Generated)
         8          0          0          0          0          0   (incl. Padding)

    ----------------------------------------------------------------------

      Code (inc. data)   RO Data    RW Data    ZI Data      Debug   Library Member Name

         8          0          0          0          0         68   __main.o
       284          0          0          0          0        156   __printf_wp.o
         0          0          0          0          0          0   __rtentry.o
        12          0          0          0          0          0   __rtentry2.o
         6          0          0          0          0          0   __rtentry4.o
        52          8          0          0          0          0   __scatter.o
        26          0          0          0          0          0   __scatter_copy.o
        28          0          0          0          0          0   __scatter_zi.o
        48          6          0          0          0         96   _printf_char_common.o
         6          0          0          0          0          0   _printf_f.o
      1054          0          0          0          0        216   _printf_fp_dec.o
       128         16          0          0          0         84   _printf_fp_infnan.o
        78          0          0          0          0        108   _printf_pad.o
         0          0          0          0          0          0   _printf_percent.o
         4          0          0          0          0          0   _printf_percent_end.o
        10          0          0          0          0         68   _sputc.o
       228          4        148          0          0         96   bigflt0.o
      1936        128          0          0          0        672   btod.o
        18          0          0          0          0         80   exit.o
         6          0          0          0          0        152   heapauxi.o
         0          0          0          0          0          0   indicate_semi.o
        44         10         28          0          0         76   lc_numeric_c.o
         2          0          0          0          0          0   libinit.o
        18          0          0          0          0          0   libinit2.o
         2          0          0          0          0          0   libshutdown.o
         2          0          0          0          0          0   libshutdown2.o
         8          4          0          0         96         68   libspace.o
       138          0          0          0          0         80   lludiv10.o
        40          6          0          0          0         84   noretval__2sprintf.o
         8          4          0          0          0         68   rt_locale_intlibspace.o
        78          0          0          0          0         80   rt_memclr_w.o
       100          0          0          0          0         80   rt_memcpy_w.o
         2          0          0          0          0          0   rtexit.o
        10          0          0          0          0          0   rtexit2.o
       128          0          0          0          0         68   strcmpv7m.o
        12          4          0          0          0         68   sys_exit.o
        74          0          0          0          0         80   sys_stackheap_outer.o
         2          0          0          0          0         68   use_no_semi.o
        98          4          0          0          0         92   d2f.o
       804         16          0          0          0        272   daddsub_clz.o
        16          4          0          0          0         68   dcheck1.o
       688        140          0          0          0        208   ddiv.o
        46          0          0          0          0         68   dflt_clz.o
       156          4          0          0          0         92   dnaninf.o
        12          0          0          0          0         68   dretinf.o
        86          4          0          0          0         84   f2d.o
       140          4          0          0          0         84   fnaninf.o
        10          0          0          0          0         68   fretinf.o
         4          0          0          0          0         68   printf1.o
       100          0          0          0          0         68   retnan.o
        92          0          0          0          0         68   scalbn.o
        48          0          0          0          0         68   trapv.o
         0          0          0          0          0          0   usenofp.o
        40          0          0          0          0         68   fpclassify.o

    ----------------------------------------------------------------------
      6954        366        176          0        100       4060   Library Totals
        14          0          0          0          4          0   (incl. Padding)

    ----------------------------------------------------------------------

      Code (inc. data)   RO Data    RW Data    ZI Data      Debug   Library Name

      4600        190        176          0         96       2616   c_w.l
      2300        176          0          0          0       1376   fz_ws.l
        40          0          0          0          0         68   m_ws.l

    ----------------------------------------------------------------------
      6954        366        176          0        100       4060   Library Totals

    ----------------------------------------------------------------------

==============================================================================


      Code (inc. data)   RO Data    RW Data    ZI Data      Debug   

     13660        830       2928         84       2828     467832   Grand Totals
     13660        830       2928         84       2828     467832   ELF Image Totals
     13660        830       2928         84          0          0   ROM Totals

==============================================================================

    Total RO  Size (Code + RO Data)                16588 (  16.20kB)
    Total RW  Size (RW Data + ZI Data)              2912 (   2.84kB)
    Total ROM Size (Code + RO Data + RW Data)      16672 (  16.28kB)

==============================================================================

